Archive member included because of file (symbol)

C:/Program Files/Microchip/MPLAB C32 Suite/bin/../lib/gcc/pic32mx/3.4.4/../../../../pic32mx/lib\libc.a(strcpy.o)
                              obj\FSIO.o (strcpy)
C:/Program Files/Microchip/MPLAB C32 Suite/bin/../lib/gcc/pic32mx/3.4.4/../../../../pic32mx/lib\libc.a(strlen.o)
                              obj\FSIO.o (strlen)
C:/Program Files/Microchip/MPLAB C32 Suite/bin/../lib/gcc/pic32mx/3.4.4/../../../../pic32mx/lib\libc.a(general-exception.o)
                              C:/Program Files/Microchip/MPLAB C32 Suite/bin/../lib/gcc/pic32mx/3.4.4/../../../../pic32mx/lib/crt0.o (_general_exception_context)
C:/Program Files/Microchip/MPLAB C32 Suite/bin/../lib/gcc/pic32mx/3.4.4/../../../../pic32mx/lib\libc.a(strchr.o)
                              obj\FSIO.o (strchr)
C:/Program Files/Microchip/MPLAB C32 Suite/bin/../lib/gcc/pic32mx/3.4.4/../../../../pic32mx/lib\libc.a(ctypef.o)
                              obj\FSIO.o (tolower)
C:/Program Files/Microchip/MPLAB C32 Suite/bin/../lib/gcc/pic32mx/3.4.4/../../../../pic32mx/lib\libc.a(default-bootstrap-exception-handler.o)
                              C:/Program Files/Microchip/MPLAB C32 Suite/bin/../lib/gcc/pic32mx/3.4.4/../../../../pic32mx/lib/crt0.o (_bootstrap_exception_handler)
C:/Program Files/Microchip/MPLAB C32 Suite/bin/../lib/gcc/pic32mx/3.4.4/../../../../pic32mx/lib\libc.a(default-on-reset.o)
                              C:/Program Files/Microchip/MPLAB C32 Suite/bin/../lib/gcc/pic32mx/3.4.4/../../../../pic32mx/lib/crt0.o (_on_reset)
C:/Program Files/Microchip/MPLAB C32 Suite/bin/../lib/gcc/pic32mx/3.4.4/../../../../pic32mx/lib\libc.a(default-on-bootstrap.o)
                              C:/Program Files/Microchip/MPLAB C32 Suite/bin/../lib/gcc/pic32mx/3.4.4/../../../../pic32mx/lib/crt0.o (_on_bootstrap)
C:/Program Files/Microchip/MPLAB C32 Suite/bin/../lib/gcc/pic32mx/3.4.4/../../../../pic32mx/lib\libc.a(default-nmi-handler.o)
                              C:/Program Files/Microchip/MPLAB C32 Suite/bin/../lib/gcc/pic32mx/3.4.4/../../../../pic32mx/lib/crt0.o (_nmi_handler)
C:/Program Files/Microchip/MPLAB C32 Suite/bin/../lib/gcc/pic32mx/3.4.4/../../../../pic32mx/lib\libc.a(ctype.o)
                              C:/Program Files/Microchip/MPLAB C32 Suite/bin/../lib/gcc/pic32mx/3.4.4/../../../../pic32mx/lib\libc.a(ctypef.o) (_ctype)
C:/Program Files/Microchip/MPLAB C32 Suite/bin/../lib/gcc/pic32mx/3.4.4/../../../../pic32mx/lib\libm.a(dp32.o)
                              obj\MMB.o (dpadd)
C:/Program Files/Microchip/MPLAB C32 Suite/bin/../lib/gcc/pic32mx/3.4.4/../../../../pic32mx/lib\libmchp_peripheral.a(open_core_timer_lib.o)
                              obj\DisplayDriver.o (OpenCoreTimer)
C:/Program Files/Microchip/MPLAB C32 Suite/bin/../lib/gcc/pic32mx/3.4.4/../../../../pic32mx/lib\libmchp_peripheral.a(read_core_timer_lib.o)
                              obj\MMB.o (ReadCoreTimer)
C:/Program Files/Microchip/MPLAB C32 Suite/bin/../lib/gcc/pic32mx/3.4.4/../../../../pic32mx/lib\libmchp_peripheral.a(write_core_timer_lib.o)
                              obj\MMB.o (WriteCoreTimer)
C:/Program Files/Microchip/MPLAB C32 Suite/bin/../lib/gcc/pic32mx/3.4.4/../../../../pic32mx/lib\libmchp_peripheral_32MX460F512L.a(pcache.o)
                              obj\MMB.o (CheKseg0CacheOn)
C:/Program Files/Microchip/MPLAB C32 Suite/bin/../lib/gcc/pic32mx/3.4.4/../../../../pic32mx/lib\libmchp_peripheral_32MX460F512L.a(int_disable_interrupts_lib.o)
                              obj\DisplayDriver.o (INTDisableInterrupts)
C:/Program Files/Microchip/MPLAB C32 Suite/bin/../lib/gcc/pic32mx/3.4.4/../../../../pic32mx/lib\libmchp_peripheral_32MX460F512L.a(int_restore_interrupts_lib.o)
                              obj\DisplayDriver.o (INTRestoreInterrupts)
C:/Program Files/Microchip/MPLAB C32 Suite/bin/../lib/gcc/pic32mx/3.4.4/../../../../pic32mx/lib\libmchp_peripheral_32MX460F512L.a(int_enable_mv_int_lib.o)
                              obj\MMB.o (INTEnableSystemMultiVectoredInt)
C:/Program Files/Microchip/MPLAB C32 Suite/bin/../lib/gcc/pic32mx/3.4.4/../../../../pic32mx/lib\libmchp_peripheral_32MX460F512L.a(spi_getc_spi2_lib_legacy.o)
                              obj\SD-SPI.o (getcSPI2)
C:/Program Files/Microchip/MPLAB C32 Suite/bin/../lib/gcc/pic32mx/3.4.4/../../../../pic32mx/lib\libmchp_peripheral_32MX460F512L.a(spi_open_spi2_lib_legacy.o)
                              obj\SD-SPI.o (OpenSPI2)
C:/Program Files/Microchip/MPLAB C32 Suite/bin/../lib/gcc/pic32mx/3.4.4/../../../../pic32mx/lib\libmchp_peripheral_32MX460F512L.a(spi_brg_tbl_lib_legacy.o)
                              C:/Program Files/Microchip/MPLAB C32 Suite/bin/../lib/gcc/pic32mx/3.4.4/../../../../pic32mx/lib\libmchp_peripheral_32MX460F512L.a(spi_open_spi2_lib_legacy.o) (_SpiBrgConvTbl)
C:/Program Files/Microchip/MPLAB C32 Suite/bin/../lib/gcc/pic32mx/3.4.4/../../../../pic32mx/lib\libmchp_peripheral_32MX460F512L.a(idle_i2c1_lib_legacy.o)
[...]
Memory Configuration

Name             Origin             Length             Attributes
kseg0_program_mem 0x9d000000         0x00080000         xr
kseg0_boot_mem   0x9fc00490         0x00000970
exception_mem    0x9fc01000         0x00001000
kseg1_boot_mem   0xbfc00000         0x00000490
debug_exec_mem   0xbfc02000         0x00000ff0
config3          0xbfc02ff0         0x00000004
config2          0xbfc02ff4         0x00000004
config1          0xbfc02ff8         0x00000004
config0          0xbfc02ffc         0x00000004
kseg1_data_mem   0xa0000000         0x00008000         w !x
sfrs             0xbf800000         0x00100000
configsfrs       0xbfc02ff0         0x00000010
*default*        0x00000000         0xffffffff

Linker script and memory map

LOAD C:/Program Files/Microchip/MPLAB C32 Suite/bin/../lib/gcc/pic32mx/3.4.4/../../../../pic32mx/lib/crt0.o
LOAD obj\main.o
LOAD obj\SimpleUART.o
LOAD obj\LCDTerminal.o
LOAD obj\LCDTerminalFont.o
LOAD obj\Primitive.o
LOAD obj\DisplayDriver.o
LOAD obj\SD-SPI.o
LOAD obj\FSIO.o
LOAD obj\SerialEEPROM.o
LOAD obj\MMB.o
LOAD obj\SerialFLASH.o
                0x00000001                __MPLAB_BUILD = 0x1
LOAD C:/Program Files/Microchip/MPLAB C32 Suite/bin/../lib/gcc/pic32mx/3.4.4\libgcc.a
START GROUP
LOAD C:/Program Files/Microchip/MPLAB C32 Suite/bin/../lib/gcc/pic32mx/3.4.4/../../../../pic32mx/lib\libdebug.a
LOAD C:/Program Files/Microchip/MPLAB C32 Suite/bin/../lib/gcc/pic32mx/3.4.4/../../../../pic32mx/lib\libc.a
LOAD C:/Program Files/Microchip/MPLAB C32 Suite/bin/../lib/gcc/pic32mx/3.4.4/../../../../pic32mx/lib\libm.a
LOAD C:/Program Files/Microchip/MPLAB C32 Suite/bin/../lib/gcc/pic32mx/3.4.4/../../../../pic32mx/lib\libe.a
LOAD C:/Program Files/Microchip/MPLAB C32 Suite/bin/../lib/gcc/pic32mx/3.4.4/../../../../pic32mx/lib\libdsp.a
LOAD C:/Program Files/Microchip/MPLAB C32 Suite/bin/../lib/gcc/pic32mx/3.4.4/../../../../pic32mx/lib\libmchp_peripheral.a
LOAD C:/Program Files/Microchip/MPLAB C32 Suite/bin/../lib/gcc/pic32mx/3.4.4/../../../../pic32mx/lib\libmchp_peripheral_32MX460F512L.a
END GROUP
LOAD C:/Program Files/Microchip/MPLAB C32 Suite/bin/../lib/gcc/pic32mx/3.4.4\libgcc.a
                0x00000400                PROVIDE (_min_stack_size, 0x400)
                0x00000000                PROVIDE (_min_heap_size, 0x0)
LOAD C:/Program Files/Microchip/MPLAB C32 Suite/bin/../lib/gcc/pic32mx/3.4.4/../../../../pic32mx/lib/./proc/32MX460F512L\processor.o
                0x00000001                PROVIDE (_vector_spacing, 0x1)
                0x9fc01000                _ebase_address = 0x9fc01000
                0xbfc00000                _RESET_ADDR = 0xbfc00000
                0xbfc00380                _BEV_EXCPT_ADDR = 0xbfc00380
                0xbfc00480                _DBG_EXCPT_ADDR = 0xbfc00480
                0xbfc02000                _DBG_CODE_ADDR = 0xbfc02000
                0x9fc01180                _GEN_EXCPT_ADDR = (_ebase_address + 0x180)

.config_BFC02FF0
 *(.config_BFC02FF0)

.config_BFC02FF4
                0xbfc02ff4        0x4
 *(.config_BFC02FF4)
 .config_BFC02FF4
                0xbfc02ff4        0x4 obj\main.o

.config_BFC02FF8
                0xbfc02ff8        0x4
 *(.config_BFC02FF8)
 .config_BFC02FF8
                0xbfc02ff8        0x4 obj\main.o

.config_BFC02FFC
                0xbfc02ffc        0x4
 *(.config_BFC02FFC)
 .config_BFC02FFC
                0xbfc02ffc        0x4 obj\main.o

.reset          0xbfc00000       0x10
 *(.reset)
 .reset         0xbfc00000       0x10 C:/Program Files/Microchip/MPLAB C32 Suite/bin/../lib/gcc/pic32mx/3.4.4/../../../../pic32mx/lib/crt0.o
                0xbfc00000                _reset

.bev_excpt      0xbfc00380       0x10
 *(.bev_handler)
 .bev_handler   0xbfc00380       0x10 C:/Program Files/Microchip/MPLAB C32 Suite/bin/../lib/gcc/pic32mx/3.4.4/../../../../pic32mx/lib/crt0.o

.dbg_excpt      0xbfc00480        0x0
                0xbfc00480                . = (. + DEFINED (_DEBUGGER)?0x8:0x0)

.dbg_code       0xbfc02000        0x0
                0xbfc02000                . = (. + DEFINED (_DEBUGGER)?0xff0:0x0)

.app_excpt      0x9fc01180       0x10
 *(.gen_handler)
 .gen_handler   0x9fc01180       0x10 C:/Program Files/Microchip/MPLAB C32 Suite/bin/../lib/gcc/pic32mx/3.4.4/../../../../pic32mx/lib/crt0.o

.vector_0       0x9fc01200        0x0
 *(.vector_0)
                0x00000001                ASSERT (((_vector_spacing == 0x0) || (SIZEOF (.vector_0) <= (_vector_spacing << 0x5))), function at exception vector 0 too large)

.vector_1       0x9fc01220        0x0
 *(.vector_1)
                0x00000001                ASSERT (((_vector_spacing == 0x0) || (SIZEOF (.vector_1) <= (_vector_spacing << 0x5))), function at exception vector 1 too large)

.vector_2       0x9fc01240        0x0
 *(.vector_2)
                0x00000001                ASSERT (((_vector_spacing == 0x0) || (SIZEOF (.vector_2) <= (_vector_spacing << 0x5))), function at exception vector 2 too large)

.vector_3       0x9fc01260        0x0
 *(.vector_3)
                0x00000001                ASSERT (((_vector_spacing == 0x0) || (SIZEOF (.vector_3) <= (_vector_spacing << 0x5))), function at exception vector 3 too large)

.vector_4       0x9fc01280        0x0
 *(.vector_4)
                0x00000001                ASSERT (((_vector_spacing == 0x0) || (SIZEOF (.vector_4) <= (_vector_spacing << 0x5))), function at exception vector 4 too large)

.vector_5       0x9fc012a0        0x0
 *(.vector_5)
                0x00000001                ASSERT (((_vector_spacing == 0x0) || (SIZEOF (.vector_5) <= (_vector_spacing << 0x5))), function at exception vector 5 too large)

.vector_6       0x9fc012c0        0x0
 *(.vector_6)
                0x00000001                ASSERT (((_vector_spacing == 0x0) || (SIZEOF (.vector_6) <= (_vector_spacing << 0x5))), function at exception vector 6 too large)

.vector_7       0x9fc012e0        0x0
 *(.vector_7)
                0x00000001                ASSERT (((_vector_spacing == 0x0) || (SIZEOF (.vector_7) <= (_vector_spacing << 0x5))), function at exception vector 7 too large)

.vector_8       0x9fc01300        0x0
 *(.vector_8)
                0x00000001                ASSERT (((_vector_spacing == 0x0) || (SIZEOF (.vector_8) <= (_vector_spacing << 0x5))), function at exception vector 8 too large)

.vector_9       0x9fc01320        0x0
 *(.vector_9)
                0x00000001                ASSERT (((_vector_spacing == 0x0) || (SIZEOF (.vector_9) <= (_vector_spacing << 0x5))), function at exception vector 9 too large)

.vector_10      0x9fc01340        0x0
 *(.vector_10)
                0x00000001                ASSERT (((_vector_spacing == 0x0) || (SIZEOF (.vector_10) <= (_vector_spacing << 0x5))), function at exception vector 10 too large)

.vector_11      0x9fc01360        0x0
 *(.vector_11)
                0x00000001                ASSERT (((_vector_spacing == 0x0) || (SIZEOF (.vector_11) <= (_vector_spacing << 0x5))), function at exception vector 11 too large)

.vector_12      0x9fc01380        0x0
 *(.vector_12)
                0x00000001                ASSERT (((_vector_spacing == 0x0) || (SIZEOF (.vector_12) <= (_vector_spacing << 0x5))), function at exception vector 12 too large)

.vector_13      0x9fc013a0        0x0
 *(.vector_13)
                0x00000001                ASSERT (((_vector_spacing == 0x0) || (SIZEOF (.vector_13) <= (_vector_spacing << 0x5))), function at exception vector 13 too large)

.vector_14      0x9fc013c0        0x0
 *(.vector_14)
                0x00000001                ASSERT (((_vector_spacing == 0x0) || (SIZEOF (.vector_14) <= (_vector_spacing << 0x5))), function at exception vector 14 too large)

.vector_15      0x9fc013e0        0x0
 *(.vector_15)
                0x00000001                ASSERT (((_vector_spacing == 0x0) || (SIZEOF (.vector_15) <= (_vector_spacing << 0x5))), function at exception vector 15 too large)

.vector_16      0x9fc01400        0x0
 *(.vector_16)
                0x00000001                ASSERT (((_vector_spacing == 0x0) || (SIZEOF (.vector_16) <= (_vector_spacing << 0x5))), function at exception vector 16 too large)

.vector_17      0x9fc01420        0x0
 *(.vector_17)
                0x00000001                ASSERT (((_vector_spacing == 0x0) || (SIZEOF (.vector_17) <= (_vector_spacing << 0x5))), function at exception vector 17 too large)

.vector_18      0x9fc01440        0x0
 *(.vector_18)
                0x00000001                ASSERT (((_vector_spacing == 0x0) || (SIZEOF (.vector_18) <= (_vector_spacing << 0x5))), function at exception vector 18 too large)

.vector_19      0x9fc01460        0x0
 *(.vector_19)
                0x00000001                ASSERT (((_vector_spacing == 0x0) || (SIZEOF (.vector_19) <= (_vector_spacing << 0x5))), function at exception vector 19 too large)

.vector_20      0x9fc01480        0x0
 *(.vector_20)
                0x00000001                ASSERT (((_vector_spacing == 0x0) || (SIZEOF (.vector_20) <= (_vector_spacing << 0x5))), function at exception vector 20 too large)

.vector_21      0x9fc014a0        0x0
 *(.vector_21)
                0x00000001                ASSERT (((_vector_spacing == 0x0) || (SIZEOF (.vector_21) <= (_vector_spacing << 0x5))), function at exception vector 21 too large)

.vector_22      0x9fc014c0        0x0
 *(.vector_22)
                0x00000001                ASSERT (((_vector_spacing == 0x0) || (SIZEOF (.vector_22) <= (_vector_spacing << 0x5))), function at exception vector 22 too large)

.vector_23      0x9fc014e0        0x0
 *(.vector_23)
                0x00000001                ASSERT (((_vector_spacing == 0x0) || (SIZEOF (.vector_23) <= (_vector_spacing << 0x5))), function at exception vector 23 too large)

.vector_24      0x9fc01500        0x0
 *(.vector_24)
                0x00000001                ASSERT (((_vector_spacing == 0x0) || (SIZEOF (.vector_24) <= (_vector_spacing << 0x5))), function at exception vector 24 too large)

.vector_25      0x9fc01520        0x0
 *(.vector_25)
                0x00000001                ASSERT (((_vector_spacing == 0x0) || (SIZEOF (.vector_25) <= (_vector_spacing << 0x5))), function at exception vector 25 too large)

.vector_26      0x9fc01540        0x0
 *(.vector_26)
                0x00000001                ASSERT (((_vector_spacing == 0x0) || (SIZEOF (.vector_26) <= (_vector_spacing << 0x5))), function at exception vector 26 too large)

.vector_27      0x9fc01560        0x0
 *(.vector_27)
                0x00000001                ASSERT (((_vector_spacing == 0x0) || (SIZEOF (.vector_27) <= (_vector_spacing << 0x5))), function at exception vector 27 too large)

.vector_28      0x9fc01580        0x0
 *(.vector_28)
                0x00000001                ASSERT (((_vector_spacing == 0x0) || (SIZEOF (.vector_28) <= (_vector_spacing << 0x5))), function at exception vector 28 too large)

.vector_29      0x9fc015a0        0x0
 *(.vector_29)
                0x00000001                ASSERT (((_vector_spacing == 0x0) || (SIZEOF (.vector_29) <= (_vector_spacing << 0x5))), function at exception vector 29 too large)

.vector_30      0x9fc015c0        0x0
 *(.vector_30)
                0x00000001                ASSERT (((_vector_spacing == 0x0) || (SIZEOF (.vector_30) <= (_vector_spacing << 0x5))), function at exception vector 30 too large)

.vector_31      0x9fc015e0        0x0
 *(.vector_31)
                0x00000001                ASSERT (((_vector_spacing == 0x0) || (SIZEOF (.vector_31) <= (_vector_spacing << 0x5))), function at exception vector 31 too large)

.vector_32      0x9fc01600        0x0
 *(.vector_32)
                0x00000001                ASSERT (((_vector_spacing == 0x0) || (SIZEOF (.vector_32) <= (_vector_spacing << 0x5))), function at exception vector 32 too large)

.vector_33      0x9fc01620        0x0
 *(.vector_33)
                0x00000001                ASSERT (((_vector_spacing == 0x0) || (SIZEOF (.vector_33) <= (_vector_spacing << 0x5))), function at exception vector 33 too large)

.vector_34      0x9fc01640        0x0
 *(.vector_34)
                0x00000001                ASSERT (((_vector_spacing == 0x0) || (SIZEOF (.vector_34) <= (_vector_spacing << 0x5))), function at exception vector 34 too large)

.vector_35      0x9fc01660        0x0
 *(.vector_35)
                0x00000001                ASSERT (((_vector_spacing == 0x0) || (SIZEOF (.vector_35) <= (_vector_spacing << 0x5))), function at exception vector 35 too large)

.vector_36      0x9fc01680        0x0
 *(.vector_36)
                0x00000001                ASSERT (((_vector_spacing == 0x0) || (SIZEOF (.vector_36) <= (_vector_spacing << 0x5))), function at exception vector 36 too large)

.vector_37      0x9fc016a0        0x0
 *(.vector_37)
                0x00000001                ASSERT (((_vector_spacing == 0x0) || (SIZEOF (.vector_37) <= (_vector_spacing << 0x5))), function at exception vector 37 too large)

.vector_38      0x9fc016c0        0x0
 *(.vector_38)
                0x00000001                ASSERT (((_vector_spacing == 0x0) || (SIZEOF (.vector_38) <= (_vector_spacing << 0x5))), function at exception vector 38 too large)

.vector_39      0x9fc016e0        0x0
 *(.vector_39)
                0x00000001                ASSERT (((_vector_spacing == 0x0) || (SIZEOF (.vector_39) <= (_vector_spacing << 0x5))), function at exception vector 39 too large)

.vector_40      0x9fc01700        0x0
 *(.vector_40)
                0x00000001                ASSERT (((_vector_spacing == 0x0) || (SIZEOF (.vector_40) <= (_vector_spacing << 0x5))), function at exception vector 40 too large)

.vector_41      0x9fc01720        0x0
 *(.vector_41)
                0x00000001                ASSERT (((_vector_spacing == 0x0) || (SIZEOF (.vector_41) <= (_vector_spacing << 0x5))), function at exception vector 41 too large)

.vector_42      0x9fc01740        0x0
 *(.vector_42)
                0x00000001                ASSERT (((_vector_spacing == 0x0) || (SIZEOF (.vector_42) <= (_vector_spacing << 0x5))), function at exception vector 42 too large)

.vector_43      0x9fc01760        0x0
 *(.vector_43)
                0x00000001                ASSERT (((_vector_spacing == 0x0) || (SIZEOF (.vector_43) <= (_vector_spacing << 0x5))), function at exception vector 43 too large)

.vector_44      0x9fc01780        0x0
 *(.vector_44)
                0x00000001                ASSERT (((_vector_spacing == 0x0) || (SIZEOF (.vector_44) <= (_vector_spacing << 0x5))), function at exception vector 44 too large)

.vector_45      0x9fc017a0        0x0
 *(.vector_45)
                0x00000001                ASSERT (((_vector_spacing == 0x0) || (SIZEOF (.vector_45) <= (_vector_spacing << 0x5))), function at exception vector 45 too large)

.vector_46      0x9fc017c0        0x0
 *(.vector_46)
                0x00000001                ASSERT (((_vector_spacing == 0x0) || (SIZEOF (.vector_46) <= (_vector_spacing << 0x5))), function at exception vector 46 too large)

.vector_47      0x9fc017e0        0x0
 *(.vector_47)
                0x00000001                ASSERT (((_vector_spacing == 0x0) || (SIZEOF (.vector_47) <= (_vector_spacing << 0x5))), function at exception vector 47 too large)

.vector_48      0x9fc01800        0x0
 *(.vector_48)
                0x00000001                ASSERT (((_vector_spacing == 0x0) || (SIZEOF (.vector_48) <= (_vector_spacing << 0x5))), function at exception vector 48 too large)

.vector_49      0x9fc01820        0x0
 *(.vector_49)
                0x00000001                ASSERT (((_vector_spacing == 0x0) || (SIZEOF (.vector_49) <= (_vector_spacing << 0x5))), function at exception vector 49 too large)

.vector_50      0x9fc01840        0x0
 *(.vector_50)
                0x00000001                ASSERT (((_vector_spacing == 0x0) || (SIZEOF (.vector_50) <= (_vector_spacing << 0x5))), function at exception vector 50 too large)

.vector_51      0x9fc01860        0x0
 *(.vector_51)
                0x00000001                ASSERT (((_vector_spacing == 0x0) || (SIZEOF (.vector_51) <= (_vector_spacing << 0x5))), function at exception vector 51 too large)

.vector_52      0x9fc01880        0x0
 *(.vector_52)
                0x00000001                ASSERT (((_vector_spacing == 0x0) || (SIZEOF (.vector_52) <= (_vector_spacing << 0x5))), function at exception vector 52 too large)

.vector_53      0x9fc018a0        0x0
 *(.vector_53)
                0x00000001                ASSERT (((_vector_spacing == 0x0) || (SIZEOF (.vector_53) <= (_vector_spacing << 0x5))), function at exception vector 53 too large)

.vector_54      0x9fc018c0        0x0
 *(.vector_54)
                0x00000001                ASSERT (((_vector_spacing == 0x0) || (SIZEOF (.vector_54) <= (_vector_spacing << 0x5))), function at exception vector 54 too large)

.vector_55      0x9fc018e0        0x0
 *(.vector_55)
                0x00000001                ASSERT (((_vector_spacing == 0x0) || (SIZEOF (.vector_55) <= (_vector_spacing << 0x5))), function at exception vector 55 too large)

.vector_56      0x9fc01900        0x0
 *(.vector_56)
                0x00000001                ASSERT (((_vector_spacing == 0x0) || (SIZEOF (.vector_56) <= (_vector_spacing << 0x5))), function at exception vector 56 too large)

.vector_57      0x9fc01920        0x0
 *(.vector_57)
                0x00000001                ASSERT (((_vector_spacing == 0x0) || (SIZEOF (.vector_57) <= (_vector_spacing << 0x5))), function at exception vector 57 too large)

.vector_58      0x9fc01940        0x0
 *(.vector_58)
                0x00000001                ASSERT (((_vector_spacing == 0x0) || (SIZEOF (.vector_58) <= (_vector_spacing << 0x5))), function at exception vector 58 too large)

.vector_59      0x9fc01960        0x0
 *(.vector_59)
                0x00000001                ASSERT (((_vector_spacing == 0x0) || (SIZEOF (.vector_59) <= (_vector_spacing << 0x5))), function at exception vector 59 too large)

.vector_60      0x9fc01980        0x0
 *(.vector_60)
                0x00000001                ASSERT (((_vector_spacing == 0x0) || (SIZEOF (.vector_60) <= (_vector_spacing << 0x5))), function at exception vector 60 too large)

.vector_61      0x9fc019a0        0x0
 *(.vector_61)
                0x00000001                ASSERT (((_vector_spacing == 0x0) || (SIZEOF (.vector_61) <= (_vector_spacing << 0x5))), function at exception vector 61 too large)

.vector_62      0x9fc019c0        0x0
 *(.vector_62)
                0x00000001                ASSERT (((_vector_spacing == 0x0) || (SIZEOF (.vector_62) <= (_vector_spacing << 0x5))), function at exception vector 62 too large)

.vector_63      0x9fc019e0        0x0
 *(.vector_63)
                0x00000001                ASSERT (((_vector_spacing == 0x0) || (SIZEOF (.vector_63) <= (_vector_spacing << 0x5))), function at exception vector 63 too large)

.startup        0x9fc00490      0x1e0
 *(.startup)
 .startup       0x9fc00490      0x1e0 C:/Program Files/Microchip/MPLAB C32 Suite/bin/../lib/gcc/pic32mx/3.4.4/../../../../pic32mx/lib/crt0.o

.text           0x9d000000     0xf218
                0x9d000000                _text_begin = .
 *(.text .stub .text.* .gnu.linkonce.t.*)
 .text          0x9d000000       0x18 C:/Program Files/Microchip/MPLAB C32 Suite/bin/../lib/gcc/pic32mx/3.4.4/../../../../pic32mx/lib/crt0.o
 .text          0x9d000018      0x2d4 obj\main.o
                0x9d000018                main
 .text          0x9d0002ec      0x404 obj\SimpleUART.o
                0x9d0002ec                UARTPutChar
                0x9d000340                UARTPutByte
                0x9d0003b4                UARTPutWord
                0x9d000410                UARTPutDWord
                0x9d000468                UARTPutString
                0x9d0004cc                UARTGetChar
                0x9d000510                UARTWaitChar
                0x9d000584                Char2Hex
                0x9d000680                Hex2Char
 .text          0x9d0006f0      0x8bc obj\LCDTerminal.o
                0x9d0006f0                LCDGetX
                0x9d000714                LCDGetY
                0x9d000738                LCDHome
                0x9d000760                LCDSetXY
                0x9d000798                LCDL2Home
                0x9d0007c4                LCDLineHome
                0x9d0007e8                LCDClearToEOL
                0x9d000858                LCDClear
                0x9d000920                LCDInit
                0x9d000968                LCDShiftCursorLeft
                0x9d0009a0                LCDShiftCursorUp
                0x9d0009d8                LCDShiftCursorDown
                0x9d000b94                LCDShiftCursorRight
                0x9d000be4                LCDPutChar
                0x9d000d30                LCDPut
                0x9d000e7c                LCDPutString
                0x9d000ee4                LCDCenterString
 .text          0x9d000fac        0x0 obj\LCDTerminalFont.o
 .text          0x9d000fac     0x2050 obj\Primitive.o
                0x9d000fac                InitGraph
                0x9d001008                Arc
                0x9d00188c                Line
                0x9d001e30                Bevel
                0x9d002570                FillBevel
                0x9d00286c                DrawPoly
                0x9d002974                SetFont
                0x9d0029e8                OutText
                0x9d002a60                OutTextXY
                0x9d002abc                OutChar
                0x9d002dcc                GetTextWidth
                0x9d002ee8                GetTextHeight
                0x9d002f44                GetImageWidth
                0x9d002fa0                GetImageHeight
 .text          0x9d002ffc     0x23e0 obj\DisplayDriver.o
                0x9d002ffc                DelayMs
                0x9d0030a0                SetReg
                0x9d003168                GetReg
                0x9d00324c                ResetDevice
                0x9d00378c                PutPixel
                0x9d003ab8                Bar
                0x9d003e70                ClearDevice
                0x9d004140                PutImage
                0x9d0042c8                PutImage1BPP
                0x9d004728                PutImage4BPP
                0x9d004bac                PutImage8BPP
                0x9d004fe8                PutImage16BPP
 .text          0x9d0053dc     0x10dc obj\SD-SPI.o
                0x9d0053dc                MDD_SDSPI_MediaDetect
                0x9d005420                MDD_SDSPI_ReadSectorSize
                0x9d005444                MDD_SDSPI_ReadCapacity
                0x9d005468                MDD_SDSPI_InitIO
                0x9d0054d0                MDD_SDSPI_ShutdownMedia
                0x9d005514                SendMMCCmd
                0x9d0058e0                MDD_SDSPI_SectorRead
                0x9d005afc                MDD_SDSPI_SectorWrite
                0x9d005cc4                MDD_SDSPI_WriteProtectState
                0x9d005cf4                CloseSPIM
                0x9d005d28                WriteSPIM
                0x9d005d90                MDD_SDSPI_ReadMedia
                0x9d005dec                OpenSPIM
                0x9d005e8c                MDD_SDSPI_MediaInitialize
 .text          0x9d0064b8     0x5194 obj\FSIO.o
                0x9d0064b8                FSInit
                0x9d006600                FILEfind
                0x9d006a30                FILEopen
                0x9d006c3c                FILEget_next_cluster
                0x9d006db0                DISKmount
                0x9d006ee0                LoadMBR
                0x9d0072f8                LoadBootSector
                0x9d00780c                GetFullClusterNumber
                0x9d007864                Cache_File_Entry
                0x9d007c08                FSfclose
                0x9d007cc8                IncrementTimeStamp
                0x9d007ec0                Fill_File_Object
                0x9d0081a8                LoadDirAttrib
                0x9d0082dc                FSfopen
                0x9d00856c                FSftell
                0x9d00859c                FSrewind
                0x9d0085ec                FSerror
                0x9d008610                FileObjectCopy
                0x9d00869c                ReadByte
                0x9d0086d8                ReadWord
                0x9d008754                ReadDWord
                0x9d0087e8                Cluster2Sector
                0x9d0088fc                FSfeof
                0x9d00893c                FSfread
                0x9d008c70                FormatFileName
                0x9d008ee8                FormatDirName
                0x9d009128                ValidateChars
                0x9d009464                FSfseek
                0x9d009774                ReadFAT
                0x9d009bdc                FSchdir
                0x9d009c1c                chdirhelper
                0x9d00a3c8                FSgetcwd
                0x9d00ab50                GetPreviousEntry
                0x9d00ae58                FindFirst
                0x9d00b294                FindNext
 .text          0x9d00b64c      0x714 obj\SerialEEPROM.o
                0x9d00b64c                EEPROMInit
                0x9d00b728                addressSEE
                0x9d00b810                EEPROMWriteByte
                0x9d00b888                EEPROMReadByte
                0x9d00b95c                EEPROMWriteWord
                0x9d00b9f8                EEPROMReadWord
                0x9d00bb04                EEPROMWriteEnable
                0x9d00bb24                EEPROMWriteArray
                0x9d00bc00                EEPROMReadArray
 .text          0x9d00bd60     0x1174 obj\MMB.o
                0x9d00bd60                exit
                0x9d00bd78                _general_exception_handler
                0x9d00bd94                MMBInit
                0x9d00c170                MMBReadT
                0x9d00c20c                MMBStartStopwatch
                0x9d00c240                MMBReadStopwatch
                0x9d00c2f0                MMBUARTInit
                0x9d00c504                MMBReadKey
                0x9d00c5cc                MMBGetKey
                0x9d00c710                MMBAccInit
                0x9d00c910                MMBAccRead
                0x9d00cb8c                MMBFadeIn
                0x9d00ccd0                MMBFadeOut
                0x9d00ce14                MMBCenterString
 .text          0x9d00ced4      0x9c8 obj\SerialFLASH.o
                0x9d00ced4                SFLASHInit
                0x9d00d040                SFLASHWriteByte
                0x9d00d140                SFLASHReadID
                0x9d00d1bc                SFLASHReadByte
                0x9d00d298                SFLASHWriteWord
                0x9d00d308                SFLASHReadWord
                0x9d00d360                SFLASHWriteEnable
                0x9d00d3c0                SFLASHIsWriteBusy
                0x9d00d440                SFLASHWriteArray
                0x9d00d570                SFLASHReadArray
                0x9d00d690                SFLASHChipErase
                0x9d00d710                SFLASHResetWriteProtection
                0x9d00d7bc                SFLASHSectorErase
 .text          0x9d00d89c      0x1a0 C:/Program Files/Microchip/MPLAB C32 Suite/bin/../lib/gcc/pic32mx/3.4.4/../../../../pic32mx/lib\libc.a(strcpy.o)
                0x9d00d89c                strcpy
 .text          0x9d00da3c      0x168 C:/Program Files/Microchip/MPLAB C32 Suite/bin/../lib/gcc/pic32mx/3.4.4/../../../../pic32mx/lib\libc.a(strlen.o)
                0x9d00da3c                strlen
 .text          0x9d00dba4        0x0 C:/Program Files/Microchip/MPLAB C32 Suite/bin/../lib/gcc/pic32mx/3.4.4/../../../../pic32mx/lib\libc.a(general-exception.o)
 .text.general_exception
                0x9d00dba4       0xd0 C:/Program Files/Microchip/MPLAB C32 Suite/bin/../lib/gcc/pic32mx/3.4.4/../../../../pic32mx/lib\libc.a(general-exception.o)
                0x9d00dba4                _general_exception_context
 .text          0x9d00dc74        0x0 C:/Program Files/Microchip/MPLAB C32 Suite/bin/../lib/gcc/pic32mx/3.4.4/../../../../pic32mx/lib\libc.a(strchr.o)
 .text.strchr   0x9d00dc74       0x98 C:/Program Files/Microchip/MPLAB C32 Suite/bin/../lib/gcc/pic32mx/3.4.4/../../../../pic32mx/lib\libc.a(strchr.o)
                0x9d00dc74                strchr
 .text          0x9d00dd0c        0x0 C:/Program Files/Microchip/MPLAB C32 Suite/bin/../lib/gcc/pic32mx/3.4.4/../../../../pic32mx/lib\libc.a(ctypef.o)
 .text.tolower  0x9d00dd0c       0x20 C:/Program Files/Microchip/MPLAB C32 Suite/bin/../lib/gcc/pic32mx/3.4.4/../../../../pic32mx/lib\libc.a(ctypef.o)
                0x9d00dd0c                tolower
 .text.toupper  0x9d00dd2c       0x20 C:/Program Files/Microchip/MPLAB C32 Suite/bin/../lib/gcc/pic32mx/3.4.4/../../../../pic32mx/lib\libc.a(ctypef.o)
                0x9d00dd2c                toupper
 .text.isalnum  0x9d00dd4c       0x18 C:/Program Files/Microchip/MPLAB C32 Suite/bin/../lib/gcc/pic32mx/3.4.4/../../../../pic32mx/lib\libc.a(ctypef.o)
                0x9d00dd4c                isalnum
 .text.isalpha  0x9d00dd64       0x18 C:/Program Files/Microchip/MPLAB C32 Suite/bin/../lib/gcc/pic32mx/3.4.4/../../../../pic32mx/lib\libc.a(ctypef.o)
                0x9d00dd64                isalpha
 .text.isascii  0x9d00dd7c        0x8 C:/Program Files/Microchip/MPLAB C32 Suite/bin/../lib/gcc/pic32mx/3.4.4/../../../../pic32mx/lib\libc.a(ctypef.o)
                0x9d00dd7c                isascii
 .text.iscntrl  0x9d00dd84       0x18 C:/Program Files/Microchip/MPLAB C32 Suite/bin/../lib/gcc/pic32mx/3.4.4/../../../../pic32mx/lib\libc.a(ctypef.o)
                0x9d00dd84                iscntrl
 .text.isdigit  0x9d00dd9c       0x18 C:/Program Files/Microchip/MPLAB C32 Suite/bin/../lib/gcc/pic32mx/3.4.4/../../../../pic32mx/lib\libc.a(ctypef.o)
                0x9d00dd9c                isdigit
 .text.isgraph  0x9d00ddb4       0x18 C:/Program Files/Microchip/MPLAB C32 Suite/bin/../lib/gcc/pic32mx/3.4.4/../../../../pic32mx/lib\libc.a(ctypef.o)
                0x9d00ddb4                isgraph
 .text.islower  0x9d00ddcc       0x18 C:/Program Files/Microchip/MPLAB C32 Suite/bin/../lib/gcc/pic32mx/3.4.4/../../../../pic32mx/lib\libc.a(ctypef.o)
                0x9d00ddcc                islower
 .text.isprint  0x9d00dde4       0x18 C:/Program Files/Microchip/MPLAB C32 Suite/bin/../lib/gcc/pic32mx/3.4.4/../../../../pic32mx/lib\libc.a(ctypef.o)
                0x9d00dde4                isprint
 .text.ispunct  0x9d00ddfc       0x18 C:/Program Files/Microchip/MPLAB C32 Suite/bin/../lib/gcc/pic32mx/3.4.4/../../../../pic32mx/lib\libc.a(ctypef.o)
                0x9d00ddfc                ispunct
 .text.isspace  0x9d00de14       0x18 C:/Program Files/Microchip/MPLAB C32 Suite/bin/../lib/gcc/pic32mx/3.4.4/../../../../pic32mx/lib\libc.a(ctypef.o)
                0x9d00de14                isspace
 .text.isupper  0x9d00de2c       0x18 C:/Program Files/Microchip/MPLAB C32 Suite/bin/../lib/gcc/pic32mx/3.4.4/../../../../pic32mx/lib\libc.a(ctypef.o)
                0x9d00de2c                isupper
 .text.isxdigit
                0x9d00de44       0x18 C:/Program Files/Microchip/MPLAB C32 Suite/bin/../lib/gcc/pic32mx/3.4.4/../../../../pic32mx/lib\libc.a(ctypef.o)
                0x9d00de44                isxdigit
 .text.toascii  0x9d00de5c        0x8 C:/Program Files/Microchip/MPLAB C32 Suite/bin/../lib/gcc/pic32mx/3.4.4/../../../../pic32mx/lib\libc.a(ctypef.o)
                0x9d00de5c                toascii
 .text._tolower
                0x9d00de64        0x8 C:/Program Files/Microchip/MPLAB C32 Suite/bin/../lib/gcc/pic32mx/3.4.4/../../../../pic32mx/lib\libc.a(ctypef.o)
                0x9d00de64                _tolower
 .text._toupper
                0x9d00de6c        0x8 C:/Program Files/Microchip/MPLAB C32 Suite/bin/../lib/gcc/pic32mx/3.4.4/../../../../pic32mx/lib\libc.a(ctypef.o)
                0x9d00de6c                _toupper
 .text          0x9d00de74        0x0 C:/Program Files/Microchip/MPLAB C32 Suite/bin/../lib/gcc/pic32mx/3.4.4/../../../../pic32mx/lib\libc.a(default-bootstrap-exception-handler.o)
 .text._bootstrap_exception_handler
                0x9d00de74        0x8 C:/Program Files/Microchip/MPLAB C32 Suite/bin/../lib/gcc/pic32mx/3.4.4/../../../../pic32mx/lib\libc.a(default-bootstrap-exception-handler.o)
                0x9d00de74                _bootstrap_exception_handler
 .text          0x9d00de7c        0x0 C:/Program Files/Microchip/MPLAB C32 Suite/bin/../lib/gcc/pic32mx/3.4.4/../../../../pic32mx/lib\libc.a(default-on-reset.o)
 .text._on_reset
                0x9d00de7c        0x8 C:/Program Files/Microchip/MPLAB C32 Suite/bin/../lib/gcc/pic32mx/3.4.4/../../../../pic32mx/lib\libc.a(default-on-reset.o)
                0x9d00de7c                _on_reset
 .text          0x9d00de84        0x0 C:/Program Files/Microchip/MPLAB C32 Suite/bin/../lib/gcc/pic32mx/3.4.4/../../../../pic32mx/lib\libc.a(default-on-bootstrap.o)
 .text._on_bootstrap
                0x9d00de84        0x8 C:/Program Files/Microchip/MPLAB C32 Suite/bin/../lib/gcc/pic32mx/3.4.4/../../../../pic32mx/lib\libc.a(default-on-bootstrap.o)
                0x9d00de84                _on_bootstrap
 .text          0x9d00de8c       0x18 C:/Program Files/Microchip/MPLAB C32 Suite/bin/../lib/gcc/pic32mx/3.4.4/../../../../pic32mx/lib\libc.a(default-nmi-handler.o)
                0x9d00de8c                _nmi_handler
 .text          0x9d00dea4        0x0 C:/Program Files/Microchip/MPLAB C32 Suite/bin/../lib/gcc/pic32mx/3.4.4/../../../../pic32mx/lib\libc.a(ctype.o)
 .text          0x9d00dea4     0x1128 C:/Program Files/Microchip/MPLAB C32 Suite/bin/../lib/gcc/pic32mx/3.4.4/../../../../pic32mx/lib\libm.a(dp32.o)
                0x9d00dea4                dpsub
                0x9d00dea4                __subdf3
                0x9d00deac                dpadd
                0x9d00deac                __adddf3
                0x9d00e2d0                __muldf3
                0x9d00e2d0                dpmul
                0x9d00e5f8                dpdiv
                0x9d00e5f8                __divdf3
                0x9d00eaac                litodp
                0x9d00eaac                __floatsidf
                0x9d00eb20                ultodp
                0x9d00eb70                __extendsfdf2
                0x9d00eb70                fptodp
                0x9d00ec14                dptofp
                0x9d00ec14                __truncdfsf2
                0x9d00ed0c                dptoli
                0x9d00ed0c                __fixdfsi
                0x9d00ed94                dptoul
                0x9d00ed94                __fixunsdfsi
                0x9d00ee18                __ltdf2
                0x9d00ee18                __gtdf2
                0x9d00ee18                __eqdf2
                0x9d00ee18                __gedf2
                0x9d00ee18                __ledf2
                0x9d00ee18                __nedf2
                0x9d00ee18                dpcmp
                0x9d00ef3c                __negdf2
                0x9d00ef54                dpfabs
                0x9d00ef54                fabs
                0x9d00ef70                dpnan
                0x9d00ef70                nan
 .text          0x9d00efcc        0x0 C:/Program Files/Microchip/MPLAB C32 Suite/bin/../lib/gcc/pic32mx/3.4.4/../../../../pic32mx/lib\libmchp_peripheral.a(open_core_timer_lib.o)
 .text.OpenCoreTimer
                0x9d00efcc        0xc C:/Program Files/Microchip/MPLAB C32 Suite/bin/../lib/gcc/pic32mx/3.4.4/../../../../pic32mx/lib\libmchp_peripheral.a(open_core_timer_lib.o)
                0x9d00efcc                OpenCoreTimer
 .text          0x9d00efd8        0x0 C:/Program Files/Microchip/MPLAB C32 Suite/bin/../lib/gcc/pic32mx/3.4.4/../../../../pic32mx/lib\libmchp_peripheral.a(read_core_timer_lib.o)
 .text.ReadCoreTimer
                0x9d00efd8        0x8 C:/Program Files/Microchip/MPLAB C32 Suite/bin/../lib/gcc/pic32mx/3.4.4/../../../../pic32mx/lib\libmchp_peripheral.a(read_core_timer_lib.o)
                0x9d00efd8                ReadCoreTimer
 .text          0x9d00efe0        0x0 C:/Program Files/Microchip/MPLAB C32 Suite/bin/../lib/gcc/pic32mx/3.4.4/../../../../pic32mx/lib\libmchp_peripheral.a(write_core_timer_lib.o)
 .text.WriteCoreTimer
                0x9d00efe0        0x8 C:/Program Files/Microchip/MPLAB C32 Suite/bin/../lib/gcc/pic32mx/3.4.4/../../../../pic32mx/lib\libmchp_peripheral.a(write_core_timer_lib.o)
                0x9d00efe0                WriteCoreTimer
 .text          0x9d00efe8        0x0 C:/Program Files/Microchip/MPLAB C32 Suite/bin/../lib/gcc/pic32mx/3.4.4/../../../../pic32mx/lib\libmchp_peripheral_32MX460F512L.a(pcache.o)
 .text.CheKseg0CacheOff
                0x9d00efe8       0x18 C:/Program Files/Microchip/MPLAB C32 Suite/bin/../lib/gcc/pic32mx/3.4.4/../../../../pic32mx/lib\libmchp_peripheral_32MX460F512L.a(pcache.o)
                0x9d00efe8                CheKseg0CacheOff
 .text.CheKseg0CacheOn
                0x9d00f000       0x18 C:/Program Files/Microchip/MPLAB C32 Suite/bin/../lib/gcc/pic32mx/3.4.4/../../../../pic32mx/lib\libmchp_peripheral_32MX460F512L.a(pcache.o)
                0x9d00f000                CheKseg0CacheOn
 .text          0x9d00f018        0x0 C:/Program Files/Microchip/MPLAB C32 Suite/bin/../lib/gcc/pic32mx/3.4.4/../../../../pic32mx/lib\libmchp_peripheral_32MX460F512L.a(int_disable_interrupts_lib.o)
 .text.INTDisableInterrupts
                0x9d00f018        0x8 C:/Program Files/Microchip/MPLAB C32 Suite/bin/../lib/gcc/pic32mx/3.4.4/../../../../pic32mx/lib\libmchp_peripheral_32MX460F512L.a(int_disable_interrupts_lib.o)
                0x9d00f018                INTDisableInterrupts
 .text          0x9d00f020        0x0 C:/Program Files/Microchip/MPLAB C32 Suite/bin/../lib/gcc/pic32mx/3.4.4/../../../../pic32mx/lib\libmchp_peripheral_32MX460F512L.a(int_restore_interrupts_lib.o)
 .text.INTRestoreInterrupts
                0x9d00f020       0x1c C:/Program Files/Microchip/MPLAB C32 Suite/bin/../lib/gcc/pic32mx/3.4.4/../../../../pic32mx/lib\libmchp_peripheral_32MX460F512L.a(int_restore_interrupts_lib.o)
                0x9d00f020                INTRestoreInterrupts
 .text          0x9d00f03c        0x0 C:/Program Files/Microchip/MPLAB C32 Suite/bin/../lib/gcc/pic32mx/3.4.4/../../../../pic32mx/lib\libmchp_peripheral_32MX460F512L.a(int_enable_mv_int_lib.o)
 .text.INTEnableSystemMultiVectoredInt
                0x9d00f03c       0x34 C:/Program Files/Microchip/MPLAB C32 Suite/bin/../lib/gcc/pic32mx/3.4.4/../../../../pic32mx/lib\libmchp_peripheral_32MX460F512L.a(int_enable_mv_int_lib.o)
                0x9d00f03c                INTEnableSystemMultiVectoredInt
 .text          0x9d00f070        0x0 C:/Program Files/Microchip/MPLAB C32 Suite/bin/../lib/gcc/pic32mx/3.4.4/../../../../pic32mx/lib\libmchp_peripheral_32MX460F512L.a(spi_getc_spi2_lib_legacy.o)
 .text.getcSPI2
                0x9d00f070       0x24 C:/Program Files/Microchip/MPLAB C32 Suite/bin/../lib/gcc/pic32mx/3.4.4/../../../../pic32mx/lib\libmchp_peripheral_32MX460F512L.a(spi_getc_spi2_lib_legacy.o)
                0x9d00f070                getcSPI2
 .text          0x9d00f094        0x0 C:/Program Files/Microchip/MPLAB C32 Suite/bin/../lib/gcc/pic32mx/3.4.4/../../../../pic32mx/lib\libmchp_peripheral_32MX460F512L.a(spi_open_spi2_lib_legacy.o)
 .text.OpenSPI2
                0x9d00f094       0x64 C:/Program Files/Microchip/MPLAB C32 Suite/bin/../lib/gcc/pic32mx/3.4.4/../../../../pic32mx/lib\libmchp_peripheral_32MX460F512L.a(spi_open_spi2_lib_legacy.o)
                0x9d00f094                OpenSPI2
 .text          0x9d00f0f8        0x0 C:/Program Files/Microchip/MPLAB C32 Suite/bin/../lib/gcc/pic32mx/3.4.4/../../../../pic32mx/lib\libmchp_peripheral_32MX460F512L.a(spi_brg_tbl_lib_legacy.o)
 .text          0x9d00f0f8        0x0 C:/Program Files/Microchip/MPLAB C32 Suite/bin/../lib/gcc/pic32mx/3.4.4/../../../../pic32mx/lib\libmchp_peripheral_32MX460F512L.a(idle_i2c1_lib_legacy.o)
 .text.IdleI2C1
                0x9d00f0f8       0x70 C:/Program Files/Microchip/MPLAB C32 Suite/bin/../lib/gcc/pic32mx/3.4.4/../../../../pic32mx/lib\libmchp_peripheral_32MX460F512L.a(idle_i2c1_lib_legacy.o)
                0x9d00f0f8                IdleI2C1
 .text          0x9d00f168        0x0 C:/Program Files/Microchip/MPLAB C32 Suite/bin/../lib/gcc/pic32mx/3.4.4/../../../../pic32mx/lib\libmchp_peripheral_32MX460F512L.a(master_read_i2c1_lib_legacy.o)
 .text.MasterReadI2C1
                0x9d00f168       0x40 C:/Program Files/Microchip/MPLAB C32 Suite/bin/../lib/gcc/pic32mx/3.4.4/../../../../pic32mx/lib\libmchp_peripheral_32MX460F512L.a(master_read_i2c1_lib_legacy.o)
                0x9d00f168                MasterReadI2C1
 .text          0x9d00f1a8        0x0 C:/Program Files/Microchip/MPLAB C32 Suite/bin/../lib/gcc/pic32mx/3.4.4/../../../../pic32mx/lib\libmchp_peripheral_32MX460F512L.a(master_write_i2c1_lib_legacy.o)
 .text.MasterWriteI2C1
                0x9d00f1a8       0x68 C:/Program Files/Microchip/MPLAB C32 Suite/bin/../lib/gcc/pic32mx/3.4.4/../../../../pic32mx/lib\libmchp_peripheral_32MX460F512L.a(master_write_i2c1_lib_legacy.o)
                0x9d00f1a8                MasterWriteI2C1
 .text          0x9d00f210        0x0 C:/Program Files/Microchip/MPLAB C32 Suite/bin/../lib/gcc/pic32mx/3.4.4/../../../../pic32mx/lib\libmchp_peripheral_32MX460F512L.a(int_enable_interrupts_lib.o)
 .text.INTEnableInterrupts
                0x9d00f210        0x8 C:/Program Files/Microchip/MPLAB C32 Suite/bin/../lib/gcc/pic32mx/3.4.4/../../../../pic32mx/lib\libmchp_peripheral_32MX460F512L.a(int_enable_interrupts_lib.o)
                0x9d00f210                INTEnableInterrupts
 .text          0x9d00f218        0x0 C:/Program Files/Microchip/MPLAB C32 Suite/bin/../lib/gcc/pic32mx/3.4.4/../../../../pic32mx/lib/./proc/32MX460F512L\processor.o
 *(.text.*personality*)
 *(.gnu.warning)
 *(.mips16.fn.*)
 *(.mips16.call.*)
                0x9d00f218                _text_end = .

.rodata         0x9d00f218     0x1224
 *(.rodata .rodata.* .gnu.linkonce.r.*)
 .rodata        0x9d00f218       0x8c obj\main.o
 .rodata        0x9d00f2a4      0xf10 obj\LCDTerminalFont.o
                0x9d00f2a4                TerminalFont
                0x9d00f2ac                L8330
 .rodata        0x9d0101b4       0xd8 obj\SD-SPI.o
                0x9d0101b4                sdmmc_cmdtable
 *fill*         0x9d01028c        0x4 00
 .rodata        0x9d010290       0x28 obj\MMB.o
 .rodata        0x9d0102b8      0x104 C:/Program Files/Microchip/MPLAB C32 Suite/bin/../lib/gcc/pic32mx/3.4.4/../../../../pic32mx/lib\libc.a(ctype.o)
                0x9d0102b8                _ctype
 .rodata        0x9d0103bc       0x80 C:/Program Files/Microchip/MPLAB C32 Suite/bin/../lib/gcc/pic32mx/3.4.4/../../../../pic32mx/lib\libmchp_peripheral_32MX460F512L.a(spi_brg_tbl_lib_legacy.o)
                0x9d0103bc                _SpiBrgConvTbl
 *(.rodata1)
                0x9d01043c                . = ALIGN (0x4)

.sdata2         0x9d01043c        0x0
 *(.sdata2 .sdata2.* .gnu.linkonce.s2.*)
                0x9d01043c                . = ALIGN (0x4)

.sbss2          0x9d01043c        0x0
 *(.sbss2 .sbss2.* .gnu.linkonce.sb2.*)
                0x9d01043c                . = ALIGN (0x4)

.eh_frame_hdr
 *(.eh_frame_hdr)

.eh_frame
 *(.eh_frame)

.dbg_data       0xa0000000        0x0
                0xa0000000                . = (. + DEFINED (_DEBUGGER)?0x200:0x0)

.persist        0xa0000000        0x0
                0xa0000000                _persist_begin = .
 *(.persist .persist.*)
                0xa0000000                _persist_end = .

.data           0xa0000000        0x0 load address 0x9d01043c
                0xa0000000                _data_begin = .
 *(.data .data.* .gnu.linkonce.d.*)
 .data          0xa0000000        0x0 C:/Program Files/Microchip/MPLAB C32 Suite/bin/../lib/gcc/pic32mx/3.4.4/../../../../pic32mx/lib/crt0.o
 .data          0xa0000000        0x0 obj\main.o
 .data          0xa0000000        0x0 obj\SimpleUART.o
 .data          0xa0000000        0x0 obj\LCDTerminal.o
 .data          0xa0000000        0x0 obj\LCDTerminalFont.o
 .data          0xa0000000        0x0 obj\Primitive.o
 .data          0xa0000000        0x0 obj\DisplayDriver.o
 .data          0xa0000000        0x0 obj\SD-SPI.o
 .data          0xa0000000        0x0 obj\FSIO.o
 .data          0xa0000000        0x0 obj\SerialEEPROM.o
 .data          0xa0000000        0x0 obj\MMB.o
 .data          0xa0000000        0x0 obj\SerialFLASH.o
 .data          0xa0000000        0x0 C:/Program Files/Microchip/MPLAB C32 Suite/bin/../lib/gcc/pic32mx/3.4.4/../../../../pic32mx/lib\libc.a(strcpy.o)
 .data          0xa0000000        0x0 C:/Program Files/Microchip/MPLAB C32 Suite/bin/../lib/gcc/pic32mx/3.4.4/../../../../pic32mx/lib\libc.a(strlen.o)
 .data          0xa0000000        0x0 C:/Program Files/Microchip/MPLAB C32 Suite/bin/../lib/gcc/pic32mx/3.4.4/../../../../pic32mx/lib\libc.a(general-exception.o)
 .data          0xa0000000        0x0 C:/Program Files/Microchip/MPLAB C32 Suite/bin/../lib/gcc/pic32mx/3.4.4/../../../../pic32mx/lib\libc.a(strchr.o)
 .data          0xa0000000        0x0 C:/Program Files/Microchip/MPLAB C32 Suite/bin/../lib/gcc/pic32mx/3.4.4/../../../../pic32mx/lib\libc.a(ctypef.o)
 .data          0xa0000000        0x0 C:/Program Files/Microchip/MPLAB C32 Suite/bin/../lib/gcc/pic32mx/3.4.4/../../../../pic32mx/lib\libc.a(default-bootstrap-exception-handler.o)
 .data          0xa0000000        0x0 C:/Program Files/Microchip/MPLAB C32 Suite/bin/../lib/gcc/pic32mx/3.4.4/../../../../pic32mx/lib\libc.a(default-on-reset.o)
 .data          0xa0000000        0x0 C:/Program Files/Microchip/MPLAB C32 Suite/bin/../lib/gcc/pic32mx/3.4.4/../../../../pic32mx/lib\libc.a(default-on-bootstrap.o)
 .data          0xa0000000        0x0 C:/Program Files/Microchip/MPLAB C32 Suite/bin/../lib/gcc/pic32mx/3.4.4/../../../../pic32mx/lib\libc.a(default-nmi-handler.o)
 .data          0xa0000000        0x0 C:/Program Files/Microchip/MPLAB C32 Suite/bin/../lib/gcc/pic32mx/3.4.4/../../../../pic32mx/lib\libc.a(ctype.o)
 .data          0xa0000000        0x0 C:/Program Files/Microchip/MPLAB C32 Suite/bin/../lib/gcc/pic32mx/3.4.4/../../../../pic32mx/lib\libm.a(dp32.o)
 .data          0xa0000000        0x0 C:/Program Files/Microchip/MPLAB C32 Suite/bin/../lib/gcc/pic32mx/3.4.4/../../../../pic32mx/lib\libmchp_peripheral.a(open_core_timer_lib.o)
 .data          0xa0000000        0x0 C:/Program Files/Microchip/MPLAB C32 Suite/bin/../lib/gcc/pic32mx/3.4.4/../../../../pic32mx/lib\libmchp_peripheral.a(read_core_timer_lib.o)
 .data          0xa0000000        0x0 C:/Program Files/Microchip/MPLAB C32 Suite/bin/../lib/gcc/pic32mx/3.4.4/../../../../pic32mx/lib\libmchp_peripheral.a(write_core_timer_lib.o)
 .data          0xa0000000        0x0 C:/Program Files/Microchip/MPLAB C32 Suite/bin/../lib/gcc/pic32mx/3.4.4/../../../../pic32mx/lib\libmchp_peripheral_32MX460F512L.a(pcache.o)
 .data          0xa0000000        0x0 C:/Program Files/Microchip/MPLAB C32 Suite/bin/../lib/gcc/pic32mx/3.4.4/../../../../pic32mx/lib\libmchp_peripheral_32MX460F512L.a(int_disable_interrupts_lib.o)
 .data          0xa0000000        0x0 C:/Program Files/Microchip/MPLAB C32 Suite/bin/../lib/gcc/pic32mx/3.4.4/../../../../pic32mx/lib\libmchp_peripheral_32MX460F512L.a(int_restore_interrupts_lib.o)
 .data          0xa0000000        0x0 C:/Program Files/Microchip/MPLAB C32 Suite/bin/../lib/gcc/pic32mx/3.4.4/../../../../pic32mx/lib\libmchp_peripheral_32MX460F512L.a(int_enable_mv_int_lib.o)
 .data          0xa0000000        0x0 C:/Program Files/Microchip/MPLAB C32 Suite/bin/../lib/gcc/pic32mx/3.4.4/../../../../pic32mx/lib\libmchp_peripheral_32MX460F512L.a(spi_getc_spi2_lib_legacy.o)
 .data          0xa0000000        0x0 C:/Program Files/Microchip/MPLAB C32 Suite/bin/../lib/gcc/pic32mx/3.4.4/../../../../pic32mx/lib\libmchp_peripheral_32MX460F512L.a(spi_open_spi2_lib_legacy.o)
 .data          0xa0000000        0x0 C:/Program Files/Microchip/MPLAB C32 Suite/bin/../lib/gcc/pic32mx/3.4.4/../../../../pic32mx/lib\libmchp_peripheral_32MX460F512L.a(spi_brg_tbl_lib_legacy.o)
 .data          0xa0000000        0x0 C:/Program Files/Microchip/MPLAB C32 Suite/bin/../lib/gcc/pic32mx/3.4.4/../../../../pic32mx/lib\libmchp_peripheral_32MX460F512L.a(idle_i2c1_lib_legacy.o)
 .data          0xa0000000        0x0 C:/Program Files/Microchip/MPLAB C32 Suite/bin/../lib/gcc/pic32mx/3.4.4/../../../../pic32mx/lib\libmchp_peripheral_32MX460F512L.a(master_read_i2c1_lib_legacy.o)
 .data          0xa0000000        0x0 C:/Program Files/Microchip/MPLAB C32 Suite/bin/../lib/gcc/pic32mx/3.4.4/../../../../pic32mx/lib\libmchp_peripheral_32MX460F512L.a(master_write_i2c1_lib_legacy.o)
 .data          0xa0000000        0x0 C:/Program Files/Microchip/MPLAB C32 Suite/bin/../lib/gcc/pic32mx/3.4.4/../../../../pic32mx/lib\libmchp_peripheral_32MX460F512L.a(int_enable_interrupts_lib.o)
 .data          0xa0000000        0x0 C:/Program Files/Microchip/MPLAB C32 Suite/bin/../lib/gcc/pic32mx/3.4.4/../../../../pic32mx/lib/./proc/32MX460F512L\processor.o
 *(.gnu.linkonce.d.*personality*)
 *(.data1)
                0x9d01043c                _data_image_begin = LOADADDR (.data)

.eh_frame
 *(.eh_frame)
                0xa0000000                . = .
                0xa0007ff0                _gp = (ALIGN (0x10) + 0x7ff0)

.got
 *(.got.plt)
 *(.got)

.sdata          0xa0000000        0xc load address 0x9d01043c
                0xa0000000                _sdata_begin = .
 *(.sdata .sdata.* .gnu.linkonce.s.*)
 .sdata         0xa0000000        0xc obj\FSIO.o
                0xa0000000                gLastFATSectorRead
                0xa0000004                gLastDataSectorRead
                0xa0000008                cwdptr
                0xa000000c                _sdata_end = .

.lit8
 *(.lit8)

.lit4
 *(.lit4)
                0xa000000c                . = ALIGN (0x4)
                0xa000000c                _data_end = .
                0xa000000c                _bss_begin = .

.sbss           0xa000000c       0x52 load address 0x9d010448
                0xa000000c                _sbss_begin = .
 *(.dynsbss)
 *(.sbss .sbss.* .gnu.linkonce.sb.*)
 .sbss          0xa000000c        0x8 obj\LCDTerminal.o
 .sbss          0xa0000014        0x8 obj\SD-SPI.o
 .sbss          0xa000001c        0xc obj\FSIO.o
                0xa000001c                gNeedFATWrite
                0xa0000020                gBufferOwner
                0xa0000024                gNeedDataWrite
                0xa0000025                nextClusterIsLast
                0xa0000026                gBufferZeroed
                0xa0000027                recache
 *(.scommon)
 .scommon       0xa0000028       0x13 obj\Primitive.o
                0xa0000028                _cursorY
                0xa000002a                _fontOrientation
                0xa000002c                _fontFirstChar
                0xa000002e                _fontHeight
                0xa0000030                _cursorX
                0xa0000032                _fontLastChar
                0xa0000034                _font
                0xa0000038                _lineType
                0xa000003a                _lineThickness
 *fill*         0xa000003b        0x1 00
 .scommon       0xa000003c        0xc obj\DisplayDriver.o
                0xa000003c                _clipRgn
                0xa000003e                _clipRight
                0xa0000040                _clipBottom
                0xa0000042                _clipTop
                0xa0000044                _color
                0xa0000046                _clipLeft
 .scommon       0xa0000048        0x7 obj\SD-SPI.o
                0xa0000048                MDD_SDSPI_finalLBA
                0xa000004c                gMediaSectorSize
                0xa000004e                gSDMode
 *fill*         0xa000004f        0x1 00
 .scommon       0xa0000050        0xe obj\FSIO.o
                0xa0000050                gFileSlotOpen
                0xa0000054                FatRootDirClusterValue
                0xa0000058                TempClusterCalc
                0xa000005c                dirCleared
                0xa000005d                FSerrno
                0xa000005e                _sbss_end = .

.bss            0xa0000060      0x660 load address 0x9d010448
 *(.dynbss)
 *(.bss .bss.* .gnu.linkonce.b.*)
 .bss           0xa0000060        0x0 C:/Program Files/Microchip/MPLAB C32 Suite/bin/../lib/gcc/pic32mx/3.4.4/../../../../pic32mx/lib/crt0.o
 .bss           0xa0000060        0x0 obj\main.o
 .bss           0xa0000060        0x0 obj\SimpleUART.o
 .bss           0xa0000060      0x12c obj\LCDTerminal.o
 .bss           0xa000018c        0x0 obj\LCDTerminalFont.o
 .bss           0xa000018c        0x0 obj\Primitive.o
 .bss           0xa000018c        0x0 obj\DisplayDriver.o
 .bss           0xa000018c        0x0 obj\SD-SPI.o
 .bss           0xa000018c        0x0 obj\FSIO.o
 .bss           0xa000018c        0x0 obj\SerialEEPROM.o
 .bss           0xa000018c        0x0 obj\MMB.o
 .bss           0xa000018c        0x0 obj\SerialFLASH.o
 .bss           0xa000018c        0x0 C:/Program Files/Microchip/MPLAB C32 Suite/bin/../lib/gcc/pic32mx/3.4.4/../../../../pic32mx/lib\libc.a(strcpy.o)
 .bss           0xa000018c        0x0 C:/Program Files/Microchip/MPLAB C32 Suite/bin/../lib/gcc/pic32mx/3.4.4/../../../../pic32mx/lib\libc.a(strlen.o)
 .bss           0xa000018c        0x0 C:/Program Files/Microchip/MPLAB C32 Suite/bin/../lib/gcc/pic32mx/3.4.4/../../../../pic32mx/lib\libc.a(general-exception.o)
 .bss           0xa000018c        0x0 C:/Program Files/Microchip/MPLAB C32 Suite/bin/../lib/gcc/pic32mx/3.4.4/../../../../pic32mx/lib\libc.a(strchr.o)
 .bss           0xa000018c        0x0 C:/Program Files/Microchip/MPLAB C32 Suite/bin/../lib/gcc/pic32mx/3.4.4/../../../../pic32mx/lib\libc.a(ctypef.o)
 .bss           0xa000018c        0x0 C:/Program Files/Microchip/MPLAB C32 Suite/bin/../lib/gcc/pic32mx/3.4.4/../../../../pic32mx/lib\libc.a(default-bootstrap-exception-handler.o)
 .bss           0xa000018c        0x0 C:/Program Files/Microchip/MPLAB C32 Suite/bin/../lib/gcc/pic32mx/3.4.4/../../../../pic32mx/lib\libc.a(default-on-reset.o)
 .bss           0xa000018c        0x0 C:/Program Files/Microchip/MPLAB C32 Suite/bin/../lib/gcc/pic32mx/3.4.4/../../../../pic32mx/lib\libc.a(default-on-bootstrap.o)
 .bss           0xa000018c        0x0 C:/Program Files/Microchip/MPLAB C32 Suite/bin/../lib/gcc/pic32mx/3.4.4/../../../../pic32mx/lib\libc.a(default-nmi-handler.o)
 .bss           0xa000018c        0x0 C:/Program Files/Microchip/MPLAB C32 Suite/bin/../lib/gcc/pic32mx/3.4.4/../../../../pic32mx/lib\libc.a(ctype.o)
 .bss           0xa000018c        0x0 C:/Program Files/Microchip/MPLAB C32 Suite/bin/../lib/gcc/pic32mx/3.4.4/../../../../pic32mx/lib\libm.a(dp32.o)
 .bss           0xa000018c        0x0 C:/Program Files/Microchip/MPLAB C32 Suite/bin/../lib/gcc/pic32mx/3.4.4/../../../../pic32mx/lib\libmchp_peripheral.a(open_core_timer_lib.o)
 .bss           0xa000018c        0x0 C:/Program Files/Microchip/MPLAB C32 Suite/bin/../lib/gcc/pic32mx/3.4.4/../../../../pic32mx/lib\libmchp_peripheral.a(read_core_timer_lib.o)
 .bss           0xa000018c        0x0 C:/Program Files/Microchip/MPLAB C32 Suite/bin/../lib/gcc/pic32mx/3.4.4/../../../../pic32mx/lib\libmchp_peripheral.a(write_core_timer_lib.o)
 .bss           0xa000018c        0x0 C:/Program Files/Microchip/MPLAB C32 Suite/bin/../lib/gcc/pic32mx/3.4.4/../../../../pic32mx/lib\libmchp_peripheral_32MX460F512L.a(pcache.o)
 .bss           0xa000018c        0x0 C:/Program Files/Microchip/MPLAB C32 Suite/bin/../lib/gcc/pic32mx/3.4.4/../../../../pic32mx/lib\libmchp_peripheral_32MX460F512L.a(int_disable_interrupts_lib.o)
 .bss           0xa000018c        0x0 C:/Program Files/Microchip/MPLAB C32 Suite/bin/../lib/gcc/pic32mx/3.4.4/../../../../pic32mx/lib\libmchp_peripheral_32MX460F512L.a(int_restore_interrupts_lib.o)
 .bss           0xa000018c        0x0 C:/Program Files/Microchip/MPLAB C32 Suite/bin/../lib/gcc/pic32mx/3.4.4/../../../../pic32mx/lib\libmchp_peripheral_32MX460F512L.a(int_enable_mv_int_lib.o)
 .bss           0xa000018c        0x0 C:/Program Files/Microchip/MPLAB C32 Suite/bin/../lib/gcc/pic32mx/3.4.4/../../../../pic32mx/lib\libmchp_peripheral_32MX460F512L.a(spi_getc_spi2_lib_legacy.o)
 .bss           0xa000018c        0x0 C:/Program Files/Microchip/MPLAB C32 Suite/bin/../lib/gcc/pic32mx/3.4.4/../../../../pic32mx/lib\libmchp_peripheral_32MX460F512L.a(spi_open_spi2_lib_legacy.o)
 .bss           0xa000018c        0x0 C:/Program Files/Microchip/MPLAB C32 Suite/bin/../lib/gcc/pic32mx/3.4.4/../../../../pic32mx/lib\libmchp_peripheral_32MX460F512L.a(spi_brg_tbl_lib_legacy.o)
 .bss           0xa000018c        0x0 C:/Program Files/Microchip/MPLAB C32 Suite/bin/../lib/gcc/pic32mx/3.4.4/../../../../pic32mx/lib\libmchp_peripheral_32MX460F512L.a(idle_i2c1_lib_legacy.o)
 .bss           0xa000018c        0x0 C:/Program Files/Microchip/MPLAB C32 Suite/bin/../lib/gcc/pic32mx/3.4.4/../../../../pic32mx/lib\libmchp_peripheral_32MX460F512L.a(master_read_i2c1_lib_legacy.o)
 .bss           0xa000018c        0x0 C:/Program Files/Microchip/MPLAB C32 Suite/bin/../lib/gcc/pic32mx/3.4.4/../../../../pic32mx/lib\libmchp_peripheral_32MX460F512L.a(master_write_i2c1_lib_legacy.o)
 .bss           0xa000018c        0x0 C:/Program Files/Microchip/MPLAB C32 Suite/bin/../lib/gcc/pic32mx/3.4.4/../../../../pic32mx/lib\libmchp_peripheral_32MX460F512L.a(int_enable_interrupts_lib.o)
 .bss           0xa000018c        0x0 C:/Program Files/Microchip/MPLAB C32 Suite/bin/../lib/gcc/pic32mx/3.4.4/../../../../pic32mx/lib/./proc/32MX460F512L\processor.o
 *(COMMON)
 COMMON         0xa000018c      0x532 obj\FSIO.o
                0xa000018c                gDataBuffer
                0xa000038c                cwd
                0xa00003c8                defaultString
                0xa00003d8                tempCWDobj
                0xa0000414                gFATBuffer
                0xa0000614                gFileArray
                0xa0000650                gDiskData
                0xa0000678                gFileTemp
                0xa00006b4                defaultArray
                0xa00006c0                . = ALIGN (0x4)
 *fill*         0xa00006be        0x2 00
                0xa00006c0                . = ALIGN (0x4)
                0xa00006c0                _end = .
                0xa00006c0                _bss_end = .

.heap           0xa00006c0        0x0 load address 0x9d010448
                0xa00006c0                _heap = .
                0xa00006c0                . = (. + _min_heap_size)
                0xa00006c0                . = ALIGN (0x8)

.stack          0xa00006c0      0x400 load address 0x9d010448
                0xa00006c0                _splim = .
                0xa00006c0                _SPLIM = .
                0xa0000ac0                . = (. + _min_stack_size)
 *fill*         0xa00006c0      0x400 00
                0xa0000ac0                . = ALIGN (0x8)

.ramfunc        0xa0001000        0x0 load address 0x9d010448
                0xa0001000                _ramfunc_begin = .
 *(.ramfunc .ramfunc.*)
                0xa0001000                . = ALIGN (0x4)
                0xa0001000                _ramfunc_end = .
                0x9d010448                _ramfunc_image_begin = LOADADDR (.ramfunc)
                0x00000000                _ramfunc_length = SIZEOF (.ramfunc)
                0x00001000                _bmxdkpba_address = (_ramfunc_begin - 0xa0000000)
                0x00008000                _bmxdudba_address = 0x8000
                0x00008000                _bmxdupba_address = 0x8000
                0xa0008000                _stack = (_ramfunc_length > 0x0)?(_ramfunc_begin - 0x4):0xa0008000
                0x00000001                ASSERT (((_min_stack_size + _min_heap_size) <= (_stack - _heap)), Not enough space to allocate both stack and heap.  Reduce heap and/or stack size.)

/DISCARD/
 *(.pdr)
 *(.reginfo)
 *(.rel.dyn)
 *(.note.GNU-stack)

.stab
 *(.stab)

.stabstr
 *(.stabstr)

.stab.excl
 *(.stab.excl)

.stab.exclstr
 *(.stab.exclstr)

.stab.index
 *(.stab.index)

.stab.indexstr
 *(.stab.indexstr)

.mdebug.abi32   0x00000000        0x0
 .mdebug.abi32  0x00000000        0x0 obj\main.o
 .mdebug.abi32  0x00000000        0x0 obj\SimpleUART.o
 .mdebug.abi32  0x00000000        0x0 obj\LCDTerminal.o
 .mdebug.abi32  0x00000000        0x0 obj\LCDTerminalFont.o
 .mdebug.abi32  0x00000000        0x0 obj\Primitive.o
 .mdebug.abi32  0x00000000        0x0 obj\DisplayDriver.o
 .mdebug.abi32  0x00000000        0x0 obj\SD-SPI.o
 .mdebug.abi32  0x00000000        0x0 obj\FSIO.o
 .mdebug.abi32  0x00000000        0x0 obj\SerialEEPROM.o
 .mdebug.abi32  0x00000000        0x0 obj\MMB.o
 .mdebug.abi32  0x00000000        0x0 obj\SerialFLASH.o
 .mdebug.abi32  0x00000000        0x0 C:/Program Files/Microchip/MPLAB C32 Suite/bin/../lib/gcc/pic32mx/3.4.4/../../../../pic32mx/lib\libc.a(strchr.o)
 .mdebug.abi32  0x00000000        0x0 C:/Program Files/Microchip/MPLAB C32 Suite/bin/../lib/gcc/pic32mx/3.4.4/../../../../pic32mx/lib\libc.a(ctypef.o)
 .mdebug.abi32  0x00000000        0x0 C:/Program Files/Microchip/MPLAB C32 Suite/bin/../lib/gcc/pic32mx/3.4.4/../../../../pic32mx/lib\libc.a(default-bootstrap-exception-handler.o)
 .mdebug.abi32  0x00000000        0x0 C:/Program Files/Microchip/MPLAB C32 Suite/bin/../lib/gcc/pic32mx/3.4.4/../../../../pic32mx/lib\libc.a(default-on-reset.o)
 .mdebug.abi32  0x00000000        0x0 C:/Program Files/Microchip/MPLAB C32 Suite/bin/../lib/gcc/pic32mx/3.4.4/../../../../pic32mx/lib\libc.a(default-on-bootstrap.o)
 .mdebug.abi32  0x00000000        0x0 C:/Program Files/Microchip/MPLAB C32 Suite/bin/../lib/gcc/pic32mx/3.4.4/../../../../pic32mx/lib\libc.a(ctype.o)
 .mdebug.abi32  0x00000000        0x0 C:/Program Files/Microchip/MPLAB C32 Suite/bin/../lib/gcc/pic32mx/3.4.4/../../../../pic32mx/lib\libmchp_peripheral.a(open_core_timer_lib.o)
 .mdebug.abi32  0x00000000        0x0 C:/Program Files/Microchip/MPLAB C32 Suite/bin/../lib/gcc/pic32mx/3.4.4/../../../../pic32mx/lib\libmchp_peripheral.a(read_core_timer_lib.o)
 .mdebug.abi32  0x00000000        0x0 C:/Program Files/Microchip/MPLAB C32 Suite/bin/../lib/gcc/pic32mx/3.4.4/../../../../pic32mx/lib\libmchp_peripheral.a(write_core_timer_lib.o)
 .mdebug.abi32  0x00000000        0x0 C:/Program Files/Microchip/MPLAB C32 Suite/bin/../lib/gcc/pic32mx/3.4.4/../../../../pic32mx/lib\libmchp_peripheral_32MX460F512L.a(pcache.o)
 .mdebug.abi32  0x00000000        0x0 C:/Program Files/Microchip/MPLAB C32 Suite/bin/../lib/gcc/pic32mx/3.4.4/../../../../pic32mx/lib\libmchp_peripheral_32MX460F512L.a(int_disable_interrupts_lib.o)
 .mdebug.abi32  0x00000000        0x0 C:/Program Files/Microchip/MPLAB C32 Suite/bin/../lib/gcc/pic32mx/3.4.4/../../../../pic32mx/lib\libmchp_peripheral_32MX460F512L.a(int_restore_interrupts_lib.o)
 .mdebug.abi32  0x00000000        0x0 C:/Program Files/Microchip/MPLAB C32 Suite/bin/../lib/gcc/pic32mx/3.4.4/../../../../pic32mx/lib\libmchp_peripheral_32MX460F512L.a(int_enable_mv_int_lib.o)
 .mdebug.abi32  0x00000000        0x0 C:/Program Files/Microchip/MPLAB C32 Suite/bin/../lib/gcc/pic32mx/3.4.4/../../../../pic32mx/lib\libmchp_peripheral_32MX460F512L.a(spi_getc_spi2_lib_legacy.o)
 .mdebug.abi32  0x00000000        0x0 C:/Program Files/Microchip/MPLAB C32 Suite/bin/../lib/gcc/pic32mx/3.4.4/../../../../pic32mx/lib\libmchp_peripheral_32MX460F512L.a(spi_open_spi2_lib_legacy.o)
 .mdebug.abi32  0x00000000        0x0 C:/Program Files/Microchip/MPLAB C32 Suite/bin/../lib/gcc/pic32mx/3.4.4/../../../../pic32mx/lib\libmchp_peripheral_32MX460F512L.a(spi_brg_tbl_lib_legacy.o)
 .mdebug.abi32  0x00000000        0x0 C:/Program Files/Microchip/MPLAB C32 Suite/bin/../lib/gcc/pic32mx/3.4.4/../../../../pic32mx/lib\libmchp_peripheral_32MX460F512L.a(idle_i2c1_lib_legacy.o)
 .mdebug.abi32  0x00000000        0x0 C:/Program Files/Microchip/MPLAB C32 Suite/bin/../lib/gcc/pic32mx/3.4.4/../../../../pic32mx/lib\libmchp_peripheral_32MX460F512L.a(master_read_i2c1_lib_legacy.o)
 .mdebug.abi32  0x00000000        0x0 C:/Program Files/Microchip/MPLAB C32 Suite/bin/../lib/gcc/pic32mx/3.4.4/../../../../pic32mx/lib\libmchp_peripheral_32MX460F512L.a(master_write_i2c1_lib_legacy.o)
 .mdebug.abi32  0x00000000        0x0 C:/Program Files/Microchip/MPLAB C32 Suite/bin/../lib/gcc/pic32mx/3.4.4/../../../../pic32mx/lib\libmchp_peripheral_32MX460F512L.a(int_enable_interrupts_lib.o)

.comment        0x00000000      0xb48
 *(.comment)
 .comment       0x00000000       0x50 obj\main.o
 .comment       0x00000050       0x50 obj\SimpleUART.o
 .comment       0x000000a0       0x50 obj\LCDTerminal.o
 .comment       0x000000f0       0x50 obj\LCDTerminalFont.o
 .comment       0x00000140       0x50 obj\Primitive.o
 .comment       0x00000190       0x50 obj\DisplayDriver.o
 .comment       0x000001e0       0x50 obj\SD-SPI.o
 .comment       0x00000230       0x50 obj\FSIO.o
 .comment       0x00000280       0x50 obj\SerialEEPROM.o
 .comment       0x000002d0       0x50 obj\MMB.o
 .comment       0x00000320       0x50 obj\SerialFLASH.o
 .comment       0x00000370       0x56 C:/Program Files/Microchip/MPLAB C32 Suite/bin/../lib/gcc/pic32mx/3.4.4/../../../../pic32mx/lib\libc.a(strcpy.o)
 .comment       0x000003c6       0x56 C:/Program Files/Microchip/MPLAB C32 Suite/bin/../lib/gcc/pic32mx/3.4.4/../../../../pic32mx/lib\libc.a(strlen.o)
 .comment       0x0000041c       0x9f C:/Program Files/Microchip/MPLAB C32 Suite/bin/../lib/gcc/pic32mx/3.4.4/../../../../pic32mx/lib\libc.a(strchr.o)
 .comment       0x000004bb       0x9f C:/Program Files/Microchip/MPLAB C32 Suite/bin/../lib/gcc/pic32mx/3.4.4/../../../../pic32mx/lib\libc.a(ctypef.o)
 .comment       0x0000055a       0x50 C:/Program Files/Microchip/MPLAB C32 Suite/bin/../lib/gcc/pic32mx/3.4.4/../../../../pic32mx/lib\libc.a(default-bootstrap-exception-handler.o)
 .comment       0x000005aa       0x50 C:/Program Files/Microchip/MPLAB C32 Suite/bin/../lib/gcc/pic32mx/3.4.4/../../../../pic32mx/lib\libc.a(default-on-reset.o)
 .comment       0x000005fa       0x50 C:/Program Files/Microchip/MPLAB C32 Suite/bin/../lib/gcc/pic32mx/3.4.4/../../../../pic32mx/lib\libc.a(default-on-bootstrap.o)
 .comment       0x0000064a       0x9e C:/Program Files/Microchip/MPLAB C32 Suite/bin/../lib/gcc/pic32mx/3.4.4/../../../../pic32mx/lib\libc.a(ctype.o)
 .comment       0x000006e8       0x50 C:/Program Files/Microchip/MPLAB C32 Suite/bin/../lib/gcc/pic32mx/3.4.4/../../../../pic32mx/lib\libmchp_peripheral.a(open_core_timer_lib.o)
 .comment       0x00000738       0x50 C:/Program Files/Microchip/MPLAB C32 Suite/bin/../lib/gcc/pic32mx/3.4.4/../../../../pic32mx/lib\libmchp_peripheral.a(read_core_timer_lib.o)
 .comment       0x00000788       0x50 C:/Program Files/Microchip/MPLAB C32 Suite/bin/../lib/gcc/pic32mx/3.4.4/../../../../pic32mx/lib\libmchp_peripheral.a(write_core_timer_lib.o)
 .comment       0x000007d8       0x50 C:/Program Files/Microchip/MPLAB C32 Suite/bin/../lib/gcc/pic32mx/3.4.4/../../../../pic32mx/lib\libmchp_peripheral_32MX460F512L.a(pcache.o)
 .comment       0x00000828       0x50 C:/Program Files/Microchip/MPLAB C32 Suite/bin/../lib/gcc/pic32mx/3.4.4/../../../../pic32mx/lib\libmchp_peripheral_32MX460F512L.a(int_disable_interrupts_lib.o)
 .comment       0x00000878       0x50 C:/Program Files/Microchip/MPLAB C32 Suite/bin/../lib/gcc/pic32mx/3.4.4/../../../../pic32mx/lib\libmchp_peripheral_32MX460F512L.a(int_restore_interrupts_lib.o)
 .comment       0x000008c8       0x50 C:/Program Files/Microchip/MPLAB C32 Suite/bin/../lib/gcc/pic32mx/3.4.4/../../../../pic32mx/lib\libmchp_peripheral_32MX460F512L.a(int_enable_mv_int_lib.o)
 .comment       0x00000918       0x50 C:/Program Files/Microchip/MPLAB C32 Suite/bin/../lib/gcc/pic32mx/3.4.4/../../../../pic32mx/lib\libmchp_peripheral_32MX460F512L.a(spi_getc_spi2_lib_legacy.o)
 .comment       0x00000968       0x50 C:/Program Files/Microchip/MPLAB C32 Suite/bin/../lib/gcc/pic32mx/3.4.4/../../../../pic32mx/lib\libmchp_peripheral_32MX460F512L.a(spi_open_spi2_lib_legacy.o)
 .comment       0x000009b8       0x50 C:/Program Files/Microchip/MPLAB C32 Suite/bin/../lib/gcc/pic32mx/3.4.4/../../../../pic32mx/lib\libmchp_peripheral_32MX460F512L.a(spi_brg_tbl_lib_legacy.o)
 .comment       0x00000a08       0x50 C:/Program Files/Microchip/MPLAB C32 Suite/bin/../lib/gcc/pic32mx/3.4.4/../../../../pic32mx/lib\libmchp_peripheral_32MX460F512L.a(idle_i2c1_lib_legacy.o)
 .comment       0x00000a58       0x50 C:/Program Files/Microchip/MPLAB C32 Suite/bin/../lib/gcc/pic32mx/3.4.4/../../../../pic32mx/lib\libmchp_peripheral_32MX460F512L.a(master_read_i2c1_lib_legacy.o)
 .comment       0x00000aa8       0x50 C:/Program Files/Microchip/MPLAB C32 Suite/bin/../lib/gcc/pic32mx/3.4.4/../../../../pic32mx/lib\libmchp_peripheral_32MX460F512L.a(master_write_i2c1_lib_legacy.o)
 .comment       0x00000af8       0x50 C:/Program Files/Microchip/MPLAB C32 Suite/bin/../lib/gcc/pic32mx/3.4.4/../../../../pic32mx/lib\libmchp_peripheral_32MX460F512L.a(int_enable_interrupts_lib.o)

.debug
 *(.debug)

.line
 *(.line)

.debug_srcinfo
 *(.debug_srcinfo)

.debug_sfnames
 *(.debug_sfnames)

.debug_aranges  0x00000000      0x498
 *(.debug_aranges)
 .debug_aranges
                0x00000000       0x20 obj\main.o
 .debug_aranges
                0x00000020       0x20 obj\SimpleUART.o
 .debug_aranges
                0x00000040       0x20 obj\LCDTerminal.o
 .debug_aranges
                0x00000060       0x20 obj\Primitive.o
 .debug_aranges
                0x00000080       0x20 obj\DisplayDriver.o
 .debug_aranges
                0x000000a0       0x20 obj\SD-SPI.o
 .debug_aranges
                0x000000c0       0x20 obj\FSIO.o
 .debug_aranges
                0x000000e0       0x20 obj\SerialEEPROM.o
 .debug_aranges
                0x00000100       0x20 obj\MMB.o
 .debug_aranges
                0x00000120       0x20 obj\SerialFLASH.o
 .debug_aranges
                0x00000140       0x28 C:/Program Files/Microchip/MPLAB C32 Suite/bin/../lib/gcc/pic32mx/3.4.4/../../../../pic32mx/lib\libc.a(strchr.o)
 .debug_aranges
                0x00000168       0xa8 C:/Program Files/Microchip/MPLAB C32 Suite/bin/../lib/gcc/pic32mx/3.4.4/../../../../pic32mx/lib\libc.a(ctypef.o)
 .debug_aranges
                0x00000210       0x28 C:/Program Files/Microchip/MPLAB C32 Suite/bin/../lib/gcc/pic32mx/3.4.4/../../../../pic32mx/lib\libc.a(default-bootstrap-exception-handler.o)
 .debug_aranges
                0x00000238       0x28 C:/Program Files/Microchip/MPLAB C32 Suite/bin/../lib/gcc/pic32mx/3.4.4/../../../../pic32mx/lib\libc.a(default-on-reset.o)
 .debug_aranges
                0x00000260       0x28 C:/Program Files/Microchip/MPLAB C32 Suite/bin/../lib/gcc/pic32mx/3.4.4/../../../../pic32mx/lib\libc.a(default-on-bootstrap.o)
 .debug_aranges
                0x00000288       0x28 C:/Program Files/Microchip/MPLAB C32 Suite/bin/../lib/gcc/pic32mx/3.4.4/../../../../pic32mx/lib\libmchp_peripheral.a(open_core_timer_lib.o)
 .debug_aranges
                0x000002b0       0x28 C:/Program Files/Microchip/MPLAB C32 Suite/bin/../lib/gcc/pic32mx/3.4.4/../../../../pic32mx/lib\libmchp_peripheral.a(read_core_timer_lib.o)
 .debug_aranges
                0x000002d8       0x28 C:/Program Files/Microchip/MPLAB C32 Suite/bin/../lib/gcc/pic32mx/3.4.4/../../../../pic32mx/lib\libmchp_peripheral.a(write_core_timer_lib.o)
 .debug_aranges
                0x00000300       0x30 C:/Program Files/Microchip/MPLAB C32 Suite/bin/../lib/gcc/pic32mx/3.4.4/../../../../pic32mx/lib\libmchp_peripheral_32MX460F512L.a(pcache.o)
 .debug_aranges
                0x00000330       0x28 C:/Program Files/Microchip/MPLAB C32 Suite/bin/../lib/gcc/pic32mx/3.4.4/../../../../pic32mx/lib\libmchp_peripheral_32MX460F512L.a(int_disable_interrupts_lib.o)
 .debug_aranges
                0x00000358       0x28 C:/Program Files/Microchip/MPLAB C32 Suite/bin/../lib/gcc/pic32mx/3.4.4/../../../../pic32mx/lib\libmchp_peripheral_32MX460F512L.a(int_restore_interrupts_lib.o)
 .debug_aranges
                0x00000380       0x28 C:/Program Files/Microchip/MPLAB C32 Suite/bin/../lib/gcc/pic32mx/3.4.4/../../../../pic32mx/lib\libmchp_peripheral_32MX460F512L.a(int_enable_mv_int_lib.o)
 .debug_aranges
                0x000003a8       0x28 C:/Program Files/Microchip/MPLAB C32 Suite/bin/../lib/gcc/pic32mx/3.4.4/../../../../pic32mx/lib\libmchp_peripheral_32MX460F512L.a(spi_getc_spi2_lib_legacy.o)
 .debug_aranges
                0x000003d0       0x28 C:/Program Files/Microchip/MPLAB C32 Suite/bin/../lib/gcc/pic32mx/3.4.4/../../../../pic32mx/lib\libmchp_peripheral_32MX460F512L.a(spi_open_spi2_lib_legacy.o)
 .debug_aranges
                0x000003f8       0x28 C:/Program Files/Microchip/MPLAB C32 Suite/bin/../lib/gcc/pic32mx/3.4.4/../../../../pic32mx/lib\libmchp_peripheral_32MX460F512L.a(idle_i2c1_lib_legacy.o)
 .debug_aranges
                0x00000420       0x28 C:/Program Files/Microchip/MPLAB C32 Suite/bin/../lib/gcc/pic32mx/3.4.4/../../../../pic32mx/lib\libmchp_peripheral_32MX460F512L.a(master_read_i2c1_lib_legacy.o)
 .debug_aranges
                0x00000448       0x28 C:/Program Files/Microchip/MPLAB C32 Suite/bin/../lib/gcc/pic32mx/3.4.4/../../../../pic32mx/lib\libmchp_peripheral_32MX460F512L.a(master_write_i2c1_lib_legacy.o)
 .debug_aranges
                0x00000470       0x28 C:/Program Files/Microchip/MPLAB C32 Suite/bin/../lib/gcc/pic32mx/3.4.4/../../../../pic32mx/lib\libmchp_peripheral_32MX460F512L.a(int_enable_interrupts_lib.o)

.debug_pubnames
                0x00000000     0x1023
 *(.debug_pubnames)
 .debug_pubnames
                0x00000000       0x1b obj\main.o
 .debug_pubnames
                0x0000001b       0xa0 obj\SimpleUART.o
 .debug_pubnames
                0x000000bb      0x126 obj\LCDTerminal.o
 .debug_pubnames
                0x000001e1       0x2d obj\LCDTerminalFont.o
 .debug_pubnames
                0x0000020e      0x15f obj\Primitive.o
 .debug_pubnames
                0x0000036d      0x10d obj\DisplayDriver.o
 .debug_pubnames
                0x0000047a      0x1a1 obj\SD-SPI.o
 .debug_pubnames
                0x0000061b      0x3b8 obj\FSIO.o
 .debug_pubnames
                0x000009d3       0xbd obj\SerialEEPROM.o
 .debug_pubnames
                0x00000a90       0xfa obj\MMB.o
 .debug_pubnames
                0x00000b8a      0x11e obj\SerialFLASH.o
 .debug_pubnames
                0x00000ca8       0x1d C:/Program Files/Microchip/MPLAB C32 Suite/bin/../lib/gcc/pic32mx/3.4.4/../../../../pic32mx/lib\libc.a(strchr.o)
 .debug_pubnames
                0x00000cc5       0xe1 C:/Program Files/Microchip/MPLAB C32 Suite/bin/../lib/gcc/pic32mx/3.4.4/../../../../pic32mx/lib\libc.a(ctypef.o)
 .debug_pubnames
                0x00000da6       0x33 C:/Program Files/Microchip/MPLAB C32 Suite/bin/../lib/gcc/pic32mx/3.4.4/../../../../pic32mx/lib\libc.a(default-bootstrap-exception-handler.o)
 .debug_pubnames
                0x00000dd9       0x20 C:/Program Files/Microchip/MPLAB C32 Suite/bin/../lib/gcc/pic32mx/3.4.4/../../../../pic32mx/lib\libc.a(default-on-reset.o)
 .debug_pubnames
                0x00000df9       0x24 C:/Program Files/Microchip/MPLAB C32 Suite/bin/../lib/gcc/pic32mx/3.4.4/../../../../pic32mx/lib\libc.a(default-on-bootstrap.o)
 .debug_pubnames
                0x00000e1d       0x24 C:/Program Files/Microchip/MPLAB C32 Suite/bin/../lib/gcc/pic32mx/3.4.4/../../../../pic32mx/lib\libmchp_peripheral.a(open_core_timer_lib.o)
 .debug_pubnames
                0x00000e41       0x24 C:/Program Files/Microchip/MPLAB C32 Suite/bin/../lib/gcc/pic32mx/3.4.4/../../../../pic32mx/lib\libmchp_peripheral.a(read_core_timer_lib.o)
 .debug_pubnames
                0x00000e65       0x25 C:/Program Files/Microchip/MPLAB C32 Suite/bin/../lib/gcc/pic32mx/3.4.4/../../../../pic32mx/lib\libmchp_peripheral.a(write_core_timer_lib.o)
 .debug_pubnames
                0x00000e8a       0x3b C:/Program Files/Microchip/MPLAB C32 Suite/bin/../lib/gcc/pic32mx/3.4.4/../../../../pic32mx/lib\libmchp_peripheral_32MX460F512L.a(pcache.o)
 .debug_pubnames
                0x00000ec5       0x2b C:/Program Files/Microchip/MPLAB C32 Suite/bin/../lib/gcc/pic32mx/3.4.4/../../../../pic32mx/lib\libmchp_peripheral_32MX460F512L.a(int_disable_interrupts_lib.o)
 .debug_pubnames
                0x00000ef0       0x2b C:/Program Files/Microchip/MPLAB C32 Suite/bin/../lib/gcc/pic32mx/3.4.4/../../../../pic32mx/lib\libmchp_peripheral_32MX460F512L.a(int_restore_interrupts_lib.o)
 .debug_pubnames
                0x00000f1b       0x36 C:/Program Files/Microchip/MPLAB C32 Suite/bin/../lib/gcc/pic32mx/3.4.4/../../../../pic32mx/lib\libmchp_peripheral_32MX460F512L.a(int_enable_mv_int_lib.o)
 .debug_pubnames
                0x00000f51       0x1f C:/Program Files/Microchip/MPLAB C32 Suite/bin/../lib/gcc/pic32mx/3.4.4/../../../../pic32mx/lib\libmchp_peripheral_32MX460F512L.a(spi_getc_spi2_lib_legacy.o)
 .debug_pubnames
                0x00000f70       0x1f C:/Program Files/Microchip/MPLAB C32 Suite/bin/../lib/gcc/pic32mx/3.4.4/../../../../pic32mx/lib\libmchp_peripheral_32MX460F512L.a(spi_open_spi2_lib_legacy.o)
 .debug_pubnames
                0x00000f8f       0x1f C:/Program Files/Microchip/MPLAB C32 Suite/bin/../lib/gcc/pic32mx/3.4.4/../../../../pic32mx/lib\libmchp_peripheral_32MX460F512L.a(idle_i2c1_lib_legacy.o)
 .debug_pubnames
                0x00000fae       0x25 C:/Program Files/Microchip/MPLAB C32 Suite/bin/../lib/gcc/pic32mx/3.4.4/../../../../pic32mx/lib\libmchp_peripheral_32MX460F512L.a(master_read_i2c1_lib_legacy.o)
 .debug_pubnames
                0x00000fd3       0x26 C:/Program Files/Microchip/MPLAB C32 Suite/bin/../lib/gcc/pic32mx/3.4.4/../../../../pic32mx/lib\libmchp_peripheral_32MX460F512L.a(master_write_i2c1_lib_legacy.o)
 .debug_pubnames
                0x00000ff9       0x2a C:/Program Files/Microchip/MPLAB C32 Suite/bin/../lib/gcc/pic32mx/3.4.4/../../../../pic32mx/lib\libmchp_peripheral_32MX460F512L.a(int_enable_interrupts_lib.o)

.debug_info     0x00000000     0xaeb7
 *(.debug_info .gnu.linkonce.wi.*)
 .debug_info    0x00000000      0x765 obj\main.o
 .debug_info    0x00000765      0x839 obj\SimpleUART.o
 .debug_info    0x00000f9e      0xa30 obj\LCDTerminal.o
 .debug_info    0x000019ce      0x6dc obj\LCDTerminalFont.o
 .debug_info    0x000020aa     0x1567 obj\Primitive.o
 .debug_info    0x00003611      0xf87 obj\DisplayDriver.o
 .debug_info    0x00004598     0x1178 obj\SD-SPI.o
 .debug_info    0x00005710     0x2bc2 obj\FSIO.o
 .debug_info    0x000082d2      0x9a1 obj\SerialEEPROM.o
 .debug_info    0x00008c73     0x1128 obj\MMB.o
 .debug_info    0x00009d9b      0xc8a obj\SerialFLASH.o
 .debug_info    0x0000aa25       0x30 C:/Program Files/Microchip/MPLAB C32 Suite/bin/../lib/gcc/pic32mx/3.4.4/../../../../pic32mx/lib\libc.a(strchr.o)
 .debug_info    0x0000aa55      0x150 C:/Program Files/Microchip/MPLAB C32 Suite/bin/../lib/gcc/pic32mx/3.4.4/../../../../pic32mx/lib\libc.a(ctypef.o)
 .debug_info    0x0000aba5       0x30 C:/Program Files/Microchip/MPLAB C32 Suite/bin/../lib/gcc/pic32mx/3.4.4/../../../../pic32mx/lib\libc.a(default-bootstrap-exception-handler.o)
 .debug_info    0x0000abd5       0x30 C:/Program Files/Microchip/MPLAB C32 Suite/bin/../lib/gcc/pic32mx/3.4.4/../../../../pic32mx/lib\libc.a(default-on-reset.o)
 .debug_info    0x0000ac05       0x30 C:/Program Files/Microchip/MPLAB C32 Suite/bin/../lib/gcc/pic32mx/3.4.4/../../../../pic32mx/lib\libc.a(default-on-bootstrap.o)
 .debug_info    0x0000ac35        0x0 C:/Program Files/Microchip/MPLAB C32 Suite/bin/../lib/gcc/pic32mx/3.4.4/../../../../pic32mx/lib\libc.a(ctype.o)
 .debug_info    0x0000ac35       0x30 C:/Program Files/Microchip/MPLAB C32 Suite/bin/../lib/gcc/pic32mx/3.4.4/../../../../pic32mx/lib\libmchp_peripheral.a(open_core_timer_lib.o)
 .debug_info    0x0000ac65       0x30 C:/Program Files/Microchip/MPLAB C32 Suite/bin/../lib/gcc/pic32mx/3.4.4/../../../../pic32mx/lib\libmchp_peripheral.a(read_core_timer_lib.o)
 .debug_info    0x0000ac95       0x30 C:/Program Files/Microchip/MPLAB C32 Suite/bin/../lib/gcc/pic32mx/3.4.4/../../../../pic32mx/lib\libmchp_peripheral.a(write_core_timer_lib.o)
 .debug_info    0x0000acc5       0x42 C:/Program Files/Microchip/MPLAB C32 Suite/bin/../lib/gcc/pic32mx/3.4.4/../../../../pic32mx/lib\libmchp_peripheral_32MX460F512L.a(pcache.o)
 .debug_info    0x0000ad07       0x30 C:/Program Files/Microchip/MPLAB C32 Suite/bin/../lib/gcc/pic32mx/3.4.4/../../../../pic32mx/lib\libmchp_peripheral_32MX460F512L.a(int_disable_interrupts_lib.o)
 .debug_info    0x0000ad37       0x30 C:/Program Files/Microchip/MPLAB C32 Suite/bin/../lib/gcc/pic32mx/3.4.4/../../../../pic32mx/lib\libmchp_peripheral_32MX460F512L.a(int_restore_interrupts_lib.o)
 .debug_info    0x0000ad67       0x30 C:/Program Files/Microchip/MPLAB C32 Suite/bin/../lib/gcc/pic32mx/3.4.4/../../../../pic32mx/lib\libmchp_peripheral_32MX460F512L.a(int_enable_mv_int_lib.o)
 .debug_info    0x0000ad97       0x30 C:/Program Files/Microchip/MPLAB C32 Suite/bin/../lib/gcc/pic32mx/3.4.4/../../../../pic32mx/lib\libmchp_peripheral_32MX460F512L.a(spi_getc_spi2_lib_legacy.o)
 .debug_info    0x0000adc7       0x30 C:/Program Files/Microchip/MPLAB C32 Suite/bin/../lib/gcc/pic32mx/3.4.4/../../../../pic32mx/lib\libmchp_peripheral_32MX460F512L.a(spi_open_spi2_lib_legacy.o)
 .debug_info    0x0000adf7        0x0 C:/Program Files/Microchip/MPLAB C32 Suite/bin/../lib/gcc/pic32mx/3.4.4/../../../../pic32mx/lib\libmchp_peripheral_32MX460F512L.a(spi_brg_tbl_lib_legacy.o)
 .debug_info    0x0000adf7       0x30 C:/Program Files/Microchip/MPLAB C32 Suite/bin/../lib/gcc/pic32mx/3.4.4/../../../../pic32mx/lib\libmchp_peripheral_32MX460F512L.a(idle_i2c1_lib_legacy.o)
 .debug_info    0x0000ae27       0x30 C:/Program Files/Microchip/MPLAB C32 Suite/bin/../lib/gcc/pic32mx/3.4.4/../../../../pic32mx/lib\libmchp_peripheral_32MX460F512L.a(master_read_i2c1_lib_legacy.o)
 .debug_info    0x0000ae57       0x30 C:/Program Files/Microchip/MPLAB C32 Suite/bin/../lib/gcc/pic32mx/3.4.4/../../../../pic32mx/lib\libmchp_peripheral_32MX460F512L.a(master_write_i2c1_lib_legacy.o)
 .debug_info    0x0000ae87       0x30 C:/Program Files/Microchip/MPLAB C32 Suite/bin/../lib/gcc/pic32mx/3.4.4/../../../../pic32mx/lib\libmchp_peripheral_32MX460F512L.a(int_enable_interrupts_lib.o)

.debug_abbrev   0x00000000     0x1829
 *(.debug_abbrev)
 .debug_abbrev  0x00000000      0x16a obj\main.o
 .debug_abbrev  0x0000016a      0x181 obj\SimpleUART.o
 .debug_abbrev  0x000002eb      0x185 obj\LCDTerminal.o
 .debug_abbrev  0x00000470      0x137 obj\LCDTerminalFont.o
 .debug_abbrev  0x000005a7      0x21e obj\Primitive.o
 .debug_abbrev  0x000007c5      0x1eb obj\DisplayDriver.o
 .debug_abbrev  0x000009b0      0x2d4 obj\SD-SPI.o
 .debug_abbrev  0x00000c84      0x25b obj\FSIO.o
 .debug_abbrev  0x00000edf      0x1e9 obj\SerialEEPROM.o
 .debug_abbrev  0x000010c8      0x2a8 obj\MMB.o
 .debug_abbrev  0x00001370      0x241 obj\SerialFLASH.o
 .debug_abbrev  0x000015b1       0x23 C:/Program Files/Microchip/MPLAB C32 Suite/bin/../lib/gcc/pic32mx/3.4.4/../../../../pic32mx/lib\libc.a(strchr.o)
 .debug_abbrev  0x000015d4       0x23 C:/Program Files/Microchip/MPLAB C32 Suite/bin/../lib/gcc/pic32mx/3.4.4/../../../../pic32mx/lib\libc.a(ctypef.o)
 .debug_abbrev  0x000015f7       0x23 C:/Program Files/Microchip/MPLAB C32 Suite/bin/../lib/gcc/pic32mx/3.4.4/../../../../pic32mx/lib\libc.a(default-bootstrap-exception-handler.o)
 .debug_abbrev  0x0000161a       0x23 C:/Program Files/Microchip/MPLAB C32 Suite/bin/../lib/gcc/pic32mx/3.4.4/../../../../pic32mx/lib\libc.a(default-on-reset.o)
 .debug_abbrev  0x0000163d       0x23 C:/Program Files/Microchip/MPLAB C32 Suite/bin/../lib/gcc/pic32mx/3.4.4/../../../../pic32mx/lib\libc.a(default-on-bootstrap.o)
 .debug_abbrev  0x00001660        0x1 C:/Program Files/Microchip/MPLAB C32 Suite/bin/../lib/gcc/pic32mx/3.4.4/../../../../pic32mx/lib\libc.a(ctype.o)
 .debug_abbrev  0x00001661       0x23 C:/Program Files/Microchip/MPLAB C32 Suite/bin/../lib/gcc/pic32mx/3.4.4/../../../../pic32mx/lib\libmchp_peripheral.a(open_core_timer_lib.o)
 .debug_abbrev  0x00001684       0x23 C:/Program Files/Microchip/MPLAB C32 Suite/bin/../lib/gcc/pic32mx/3.4.4/../../../../pic32mx/lib\libmchp_peripheral.a(read_core_timer_lib.o)
 .debug_abbrev  0x000016a7       0x23 C:/Program Files/Microchip/MPLAB C32 Suite/bin/../lib/gcc/pic32mx/3.4.4/../../../../pic32mx/lib\libmchp_peripheral.a(write_core_timer_lib.o)
 .debug_abbrev  0x000016ca       0x23 C:/Program Files/Microchip/MPLAB C32 Suite/bin/../lib/gcc/pic32mx/3.4.4/../../../../pic32mx/lib\libmchp_peripheral_32MX460F512L.a(pcache.o)
 .debug_abbrev  0x000016ed       0x23 C:/Program Files/Microchip/MPLAB C32 Suite/bin/../lib/gcc/pic32mx/3.4.4/../../../../pic32mx/lib\libmchp_peripheral_32MX460F512L.a(int_disable_interrupts_lib.o)
 .debug_abbrev  0x00001710       0x23 C:/Program Files/Microchip/MPLAB C32 Suite/bin/../lib/gcc/pic32mx/3.4.4/../../../../pic32mx/lib\libmchp_peripheral_32MX460F512L.a(int_restore_interrupts_lib.o)
 .debug_abbrev  0x00001733       0x23 C:/Program Files/Microchip/MPLAB C32 Suite/bin/../lib/gcc/pic32mx/3.4.4/../../../../pic32mx/lib\libmchp_peripheral_32MX460F512L.a(int_enable_mv_int_lib.o)
 .debug_abbrev  0x00001756       0x23 C:/Program Files/Microchip/MPLAB C32 Suite/bin/../lib/gcc/pic32mx/3.4.4/../../../../pic32mx/lib\libmchp_peripheral_32MX460F512L.a(spi_getc_spi2_lib_legacy.o)
 .debug_abbrev  0x00001779       0x23 C:/Program Files/Microchip/MPLAB C32 Suite/bin/../lib/gcc/pic32mx/3.4.4/../../../../pic32mx/lib\libmchp_peripheral_32MX460F512L.a(spi_open_spi2_lib_legacy.o)
 .debug_abbrev  0x0000179c        0x1 C:/Program Files/Microchip/MPLAB C32 Suite/bin/../lib/gcc/pic32mx/3.4.4/../../../../pic32mx/lib\libmchp_peripheral_32MX460F512L.a(spi_brg_tbl_lib_legacy.o)
 .debug_abbrev  0x0000179d       0x23 C:/Program Files/Microchip/MPLAB C32 Suite/bin/../lib/gcc/pic32mx/3.4.4/../../../../pic32mx/lib\libmchp_peripheral_32MX460F512L.a(idle_i2c1_lib_legacy.o)
 .debug_abbrev  0x000017c0       0x23 C:/Program Files/Microchip/MPLAB C32 Suite/bin/../lib/gcc/pic32mx/3.4.4/../../../../pic32mx/lib\libmchp_peripheral_32MX460F512L.a(master_read_i2c1_lib_legacy.o)
 .debug_abbrev  0x000017e3       0x23 C:/Program Files/Microchip/MPLAB C32 Suite/bin/../lib/gcc/pic32mx/3.4.4/../../../../pic32mx/lib\libmchp_peripheral_32MX460F512L.a(master_write_i2c1_lib_legacy.o)
 .debug_abbrev  0x00001806       0x23 C:/Program Files/Microchip/MPLAB C32 Suite/bin/../lib/gcc/pic32mx/3.4.4/../../../../pic32mx/lib\libmchp_peripheral_32MX460F512L.a(int_enable_interrupts_lib.o)

.debug_line     0x00000000     0x2e15
 *(.debug_line)
 .debug_line    0x00000000      0x1a8 obj\main.o
 .debug_line    0x000001a8      0x1b3 obj\SimpleUART.o
 .debug_line    0x0000035b      0x254 obj\LCDTerminal.o
 .debug_line    0x000005af      0x173 obj\LCDTerminalFont.o
 .debug_line    0x00000722      0x47b obj\Primitive.o
 .debug_line    0x00000b9d      0x365 obj\DisplayDriver.o
 .debug_line    0x00000f02      0x34b obj\SD-SPI.o
 .debug_line    0x0000124d      0x900 obj\FSIO.o
 .debug_line    0x00001b4d      0x1f7 obj\SerialEEPROM.o
 .debug_line    0x00001d44      0x32d obj\MMB.o
 .debug_line    0x00002071      0x243 obj\SerialFLASH.o
 .debug_line    0x000022b4       0x87 C:/Program Files/Microchip/MPLAB C32 Suite/bin/../lib/gcc/pic32mx/3.4.4/../../../../pic32mx/lib\libc.a(strchr.o)
 .debug_line    0x0000233b       0x87 C:/Program Files/Microchip/MPLAB C32 Suite/bin/../lib/gcc/pic32mx/3.4.4/../../../../pic32mx/lib\libc.a(ctypef.o)
 .debug_line    0x000023c2       0xa6 C:/Program Files/Microchip/MPLAB C32 Suite/bin/../lib/gcc/pic32mx/3.4.4/../../../../pic32mx/lib\libc.a(default-bootstrap-exception-handler.o)
 .debug_line    0x00002468       0x93 C:/Program Files/Microchip/MPLAB C32 Suite/bin/../lib/gcc/pic32mx/3.4.4/../../../../pic32mx/lib\libc.a(default-on-reset.o)
 .debug_line    0x000024fb       0x97 C:/Program Files/Microchip/MPLAB C32 Suite/bin/../lib/gcc/pic32mx/3.4.4/../../../../pic32mx/lib\libc.a(default-on-bootstrap.o)
 .debug_line    0x00002592        0x0 C:/Program Files/Microchip/MPLAB C32 Suite/bin/../lib/gcc/pic32mx/3.4.4/../../../../pic32mx/lib\libc.a(ctype.o)
 .debug_line    0x00002592       0xa6 C:/Program Files/Microchip/MPLAB C32 Suite/bin/../lib/gcc/pic32mx/3.4.4/../../../../pic32mx/lib\libmchp_peripheral.a(open_core_timer_lib.o)
 .debug_line    0x00002638       0xa6 C:/Program Files/Microchip/MPLAB C32 Suite/bin/../lib/gcc/pic32mx/3.4.4/../../../../pic32mx/lib\libmchp_peripheral.a(read_core_timer_lib.o)
 .debug_line    0x000026de       0xa7 C:/Program Files/Microchip/MPLAB C32 Suite/bin/../lib/gcc/pic32mx/3.4.4/../../../../pic32mx/lib\libmchp_peripheral.a(write_core_timer_lib.o)
 .debug_line    0x00002785       0x9a C:/Program Files/Microchip/MPLAB C32 Suite/bin/../lib/gcc/pic32mx/3.4.4/../../../../pic32mx/lib\libmchp_peripheral_32MX460F512L.a(pcache.o)
 .debug_line    0x0000281f       0xab C:/Program Files/Microchip/MPLAB C32 Suite/bin/../lib/gcc/pic32mx/3.4.4/../../../../pic32mx/lib\libmchp_peripheral_32MX460F512L.a(int_disable_interrupts_lib.o)
 .debug_line    0x000028ca       0xab C:/Program Files/Microchip/MPLAB C32 Suite/bin/../lib/gcc/pic32mx/3.4.4/../../../../pic32mx/lib\libmchp_peripheral_32MX460F512L.a(int_restore_interrupts_lib.o)
 .debug_line    0x00002975       0xa6 C:/Program Files/Microchip/MPLAB C32 Suite/bin/../lib/gcc/pic32mx/3.4.4/../../../../pic32mx/lib\libmchp_peripheral_32MX460F512L.a(int_enable_mv_int_lib.o)
 .debug_line    0x00002a1b       0xa9 C:/Program Files/Microchip/MPLAB C32 Suite/bin/../lib/gcc/pic32mx/3.4.4/../../../../pic32mx/lib\libmchp_peripheral_32MX460F512L.a(spi_getc_spi2_lib_legacy.o)
 .debug_line    0x00002ac4       0xa9 C:/Program Files/Microchip/MPLAB C32 Suite/bin/../lib/gcc/pic32mx/3.4.4/../../../../pic32mx/lib\libmchp_peripheral_32MX460F512L.a(spi_open_spi2_lib_legacy.o)
 .debug_line    0x00002b6d        0x0 C:/Program Files/Microchip/MPLAB C32 Suite/bin/../lib/gcc/pic32mx/3.4.4/../../../../pic32mx/lib\libmchp_peripheral_32MX460F512L.a(spi_brg_tbl_lib_legacy.o)
 .debug_line    0x00002b6d       0xa5 C:/Program Files/Microchip/MPLAB C32 Suite/bin/../lib/gcc/pic32mx/3.4.4/../../../../pic32mx/lib\libmchp_peripheral_32MX460F512L.a(idle_i2c1_lib_legacy.o)
 .debug_line    0x00002c12       0xac C:/Program Files/Microchip/MPLAB C32 Suite/bin/../lib/gcc/pic32mx/3.4.4/../../../../pic32mx/lib\libmchp_peripheral_32MX460F512L.a(master_read_i2c1_lib_legacy.o)
 .debug_line    0x00002cbe       0xad C:/Program Files/Microchip/MPLAB C32 Suite/bin/../lib/gcc/pic32mx/3.4.4/../../../../pic32mx/lib\libmchp_peripheral_32MX460F512L.a(master_write_i2c1_lib_legacy.o)
 .debug_line    0x00002d6b       0xaa C:/Program Files/Microchip/MPLAB C32 Suite/bin/../lib/gcc/pic32mx/3.4.4/../../../../pic32mx/lib\libmchp_peripheral_32MX460F512L.a(int_enable_interrupts_lib.o)

.debug_frame    0x00000000     0x14a8
 *(.debug_frame)
 .debug_frame   0x00000000       0x30 obj\main.o
 .debug_frame   0x00000030      0x120 obj\SimpleUART.o
 .debug_frame   0x00000150      0x210 obj\LCDTerminal.o
 .debug_frame   0x00000360      0x1bc obj\Primitive.o
 .debug_frame   0x0000051c      0x170 obj\DisplayDriver.o
 .debug_frame   0x0000068c      0x1b4 obj\SD-SPI.o
 .debug_frame   0x00000840      0x448 obj\FSIO.o
 .debug_frame   0x00000c88      0x12c obj\SerialEEPROM.o
 .debug_frame   0x00000db4      0x1c8 obj\MMB.o
 .debug_frame   0x00000f7c      0x1c8 obj\SerialFLASH.o
 .debug_frame   0x00001144       0x20 C:/Program Files/Microchip/MPLAB C32 Suite/bin/../lib/gcc/pic32mx/3.4.4/../../../../pic32mx/lib\libc.a(strchr.o)
 .debug_frame   0x00001164      0x120 C:/Program Files/Microchip/MPLAB C32 Suite/bin/../lib/gcc/pic32mx/3.4.4/../../../../pic32mx/lib\libc.a(ctypef.o)
 .debug_frame   0x00001284       0x20 C:/Program Files/Microchip/MPLAB C32 Suite/bin/../lib/gcc/pic32mx/3.4.4/../../../../pic32mx/lib\libc.a(default-bootstrap-exception-handler.o)
 .debug_frame   0x000012a4       0x20 C:/Program Files/Microchip/MPLAB C32 Suite/bin/../lib/gcc/pic32mx/3.4.4/../../../../pic32mx/lib\libc.a(default-on-reset.o)
 .debug_frame   0x000012c4       0x20 C:/Program Files/Microchip/MPLAB C32 Suite/bin/../lib/gcc/pic32mx/3.4.4/../../../../pic32mx/lib\libc.a(default-on-bootstrap.o)
 .debug_frame   0x000012e4       0x20 C:/Program Files/Microchip/MPLAB C32 Suite/bin/../lib/gcc/pic32mx/3.4.4/../../../../pic32mx/lib\libmchp_peripheral.a(open_core_timer_lib.o)
 .debug_frame   0x00001304       0x20 C:/Program Files/Microchip/MPLAB C32 Suite/bin/../lib/gcc/pic32mx/3.4.4/../../../../pic32mx/lib\libmchp_peripheral.a(read_core_timer_lib.o)
 .debug_frame   0x00001324       0x20 C:/Program Files/Microchip/MPLAB C32 Suite/bin/../lib/gcc/pic32mx/3.4.4/../../../../pic32mx/lib\libmchp_peripheral.a(write_core_timer_lib.o)
 .debug_frame   0x00001344       0x30 C:/Program Files/Microchip/MPLAB C32 Suite/bin/../lib/gcc/pic32mx/3.4.4/../../../../pic32mx/lib\libmchp_peripheral_32MX460F512L.a(pcache.o)
 .debug_frame   0x00001374       0x20 C:/Program Files/Microchip/MPLAB C32 Suite/bin/../lib/gcc/pic32mx/3.4.4/../../../../pic32mx/lib\libmchp_peripheral_32MX460F512L.a(int_disable_interrupts_lib.o)
 .debug_frame   0x00001394       0x20 C:/Program Files/Microchip/MPLAB C32 Suite/bin/../lib/gcc/pic32mx/3.4.4/../../../../pic32mx/lib\libmchp_peripheral_32MX460F512L.a(int_restore_interrupts_lib.o)
 .debug_frame   0x000013b4       0x28 C:/Program Files/Microchip/MPLAB C32 Suite/bin/../lib/gcc/pic32mx/3.4.4/../../../../pic32mx/lib\libmchp_peripheral_32MX460F512L.a(int_enable_mv_int_lib.o)
 .debug_frame   0x000013dc       0x20 C:/Program Files/Microchip/MPLAB C32 Suite/bin/../lib/gcc/pic32mx/3.4.4/../../../../pic32mx/lib\libmchp_peripheral_32MX460F512L.a(spi_getc_spi2_lib_legacy.o)
 .debug_frame   0x000013fc       0x20 C:/Program Files/Microchip/MPLAB C32 Suite/bin/../lib/gcc/pic32mx/3.4.4/../../../../pic32mx/lib\libmchp_peripheral_32MX460F512L.a(spi_open_spi2_lib_legacy.o)
 .debug_frame   0x0000141c       0x20 C:/Program Files/Microchip/MPLAB C32 Suite/bin/../lib/gcc/pic32mx/3.4.4/../../../../pic32mx/lib\libmchp_peripheral_32MX460F512L.a(idle_i2c1_lib_legacy.o)
 .debug_frame   0x0000143c       0x20 C:/Program Files/Microchip/MPLAB C32 Suite/bin/../lib/gcc/pic32mx/3.4.4/../../../../pic32mx/lib\libmchp_peripheral_32MX460F512L.a(master_read_i2c1_lib_legacy.o)
 .debug_frame   0x0000145c       0x2c C:/Program Files/Microchip/MPLAB C32 Suite/bin/../lib/gcc/pic32mx/3.4.4/../../../../pic32mx/lib\libmchp_peripheral_32MX460F512L.a(master_write_i2c1_lib_legacy.o)